[     152ms] [LOG] [Fast Refresh] rebuilding @ http://localhost:3100/_next/static/chunks/e0865_next_dist_0e18cb42._.js:2297
[    2547ms] [LOG] [Fast Refresh] done in 2497ms @ http://localhost:3100/_next/static/chunks/e0865_next_dist_0e18cb42._.js:2297
[    2779ms] [INFO] %cDownload the React DevTools for a better development experience: https://react.dev/link/react-devtools font-weight:bold @ http://localhost:3100/_next/static/chunks/e0865_next_dist_0e18cb42._.js:2297
[    2852ms] [LOG] [HMR] connected @ http://localhost:3100/_next/static/chunks/e0865_next_dist_0e18cb42._.js:2297
[    3039ms] [LOG] [Fast Refresh] rebuilding @ http://localhost:3100/_next/static/chunks/e0865_next_dist_0e18cb42._.js:2297
[    3061ms] [LOG] [Fast Refresh] done in 136ms @ http://localhost:3100/_next/static/chunks/e0865_next_dist_0e18cb42._.js:2297
[    4038ms] [LOG] [Fast Refresh] rebuilding @ http://localhost:3100/_next/static/chunks/e0865_next_dist_0e18cb42._.js:2297
[    4967ms] [LOG] [Fast Refresh] done in 1030ms @ http://localhost:3100/_next/static/chunks/e0865_next_dist_0e18cb42._.js:2297
[   34560ms] [LOG] [Fast Refresh] rebuilding @ http://localhost:3100/_next/static/chunks/e0865_next_dist_0e18cb42._.js:2297
[   35336ms] [LOG] [Fast Refresh] done in 838ms @ http://localhost:3100/_next/static/chunks/e0865_next_dist_0e18cb42._.js:2297
[   36615ms] [LOG] [Fast Refresh] rebuilding @ http://localhost:3100/_next/static/chunks/e0865_next_dist_0e18cb42._.js:2297
[   36880ms] [LOG] [Fast Refresh] done in 370ms @ http://localhost:3100/_next/static/chunks/e0865_next_dist_0e18cb42._.js:2297
[   37065ms] [INFO] %cDownload the React DevTools for a better development experience: https://react.dev/link/react-devtools font-weight:bold @ http://localhost:3100/_next/static/chunks/e0865_next_dist_0e18cb42._.js:2297
[   37120ms] [LOG] [HMR] connected @ http://localhost:3100/_next/static/chunks/e0865_next_dist_0e18cb42._.js:2297
[   41639ms] [LOG] [Fast Refresh] rebuilding @ http://localhost:3100/_next/static/chunks/e0865_next_dist_0e18cb42._.js:2297
[   42777ms] [INFO] %cDownload the React DevTools for a better development experience: https://react.dev/link/react-devtools font-weight:bold @ http://localhost:3100/_next/static/chunks/e0865_next_dist_0e18cb42._.js:2297
[   42839ms] [LOG] [HMR] connected @ http://localhost:3100/_next/static/chunks/e0865_next_dist_0e18cb42._.js:2297
[   46258ms] [LOG] [Fast Refresh] rebuilding @ http://localhost:3100/_next/static/chunks/e0865_next_dist_0e18cb42._.js:2297
[   46637ms] [LOG] [Fast Refresh] done in 493ms @ http://localhost:3100/_next/static/chunks/e0865_next_dist_0e18cb42._.js:2297
[   46795ms] [INFO] %cDownload the React DevTools for a better development experience: https://react.dev/link/react-devtools font-weight:bold @ http://localhost:3100/_next/static/chunks/e0865_next_dist_0e18cb42._.js:2297
[   46854ms] [LOG] [HMR] connected @ http://localhost:3100/_next/static/chunks/e0865_next_dist_0e18cb42._.js:2297
[   51407ms] [LOG] [Fast Refresh] rebuilding @ http://localhost:3100/_next/static/chunks/e0865_next_dist_0e18cb42._.js:2297
[   53211ms] [LOG] [Fast Refresh] done in 1913ms @ http://localhost:3100/_next/static/chunks/e0865_next_dist_0e18cb42._.js:2297
[   53423ms] [INFO] %cDownload the React DevTools for a better development experience: https://react.dev/link/react-devtools font-weight:bold @ http://localhost:3100/_next/static/chunks/e0865_next_dist_0e18cb42._.js:2297
[   53493ms] [LOG] [HMR] connected @ http://localhost:3100/_next/static/chunks/e0865_next_dist_0e18cb42._.js:2297
[   53625ms] [LOG] [Fast Refresh] rebuilding @ http://localhost:3100/_next/static/chunks/e0865_next_dist_0e18cb42._.js:2297
[   53625ms] [LOG] [Fast Refresh] done in 108ms @ http://localhost:3100/_next/static/chunks/e0865_next_dist_0e18cb42._.js:2297
[   58373ms] [LOG] [Fast Refresh] rebuilding @ http://localhost:3100/_next/static/chunks/e0865_next_dist_0e18cb42._.js:2297
[   59785ms] [LOG] [Fast Refresh] done in 1517ms @ http://localhost:3100/_next/static/chunks/e0865_next_dist_0e18cb42._.js:2297
[   60242ms] [INFO] %cDownload the React DevTools for a better development experience: https://react.dev/link/react-devtools font-weight:bold @ http://localhost:3100/_next/static/chunks/e0865_next_dist_0e18cb42._.js:2297
[   60294ms] [LOG] [HMR] connected @ http://localhost:3100/_next/static/chunks/e0865_next_dist_0e18cb42._.js:2297
[   66134ms] [LOG] [Fast Refresh] rebuilding @ http://localhost:3100/_next/static/chunks/e0865_next_dist_0e18cb42._.js:2297
[   68241ms] [LOG] [Fast Refresh] done in 2216ms @ http://localhost:3100/_next/static/chunks/e0865_next_dist_0e18cb42._.js:2297
[   68650ms] [INFO] %cDownload the React DevTools for a better development experience: https://react.dev/link/react-devtools font-weight:bold @ http://localhost:3100/_next/static/chunks/e0865_next_dist_0e18cb42._.js:2297
[   68701ms] [LOG] [HMR] connected @ http://localhost:3100/_next/static/chunks/e0865_next_dist_0e18cb42._.js:2297
[   73328ms] [LOG] [Fast Refresh] rebuilding @ http://localhost:3100/_next/static/chunks/e0865_next_dist_0e18cb42._.js:2297
[   73625ms] [LOG] [Fast Refresh] done in 402ms @ http://localhost:3100/_next/static/chunks/e0865_next_dist_0e18cb42._.js:2297
[   73768ms] [INFO] %cDownload the React DevTools for a better development experience: https://react.dev/link/react-devtools font-weight:bold @ http://localhost:3100/_next/static/chunks/e0865_next_dist_0e18cb42._.js:2297
[   73844ms] [LOG] [HMR] connected @ http://localhost:3100/_next/static/chunks/e0865_next_dist_0e18cb42._.js:2297
[   77209ms] [LOG] [Fast Refresh] rebuilding @ http://localhost:3100/_next/static/chunks/e0865_next_dist_0e18cb42._.js:2297
[   77562ms] [LOG] [Fast Refresh] done in 453ms @ http://localhost:3100/_next/static/chunks/e0865_next_dist_0e18cb42._.js:2297
[   77721ms] [INFO] %cDownload the React DevTools for a better development experience: https://react.dev/link/react-devtools font-weight:bold @ http://localhost:3100/_next/static/chunks/e0865_next_dist_0e18cb42._.js:2297
[   77769ms] [LOG] [HMR] connected @ http://localhost:3100/_next/static/chunks/e0865_next_dist_0e18cb42._.js:2297
[   82104ms] [LOG] [Fast Refresh] rebuilding @ http://localhost:3100/_next/static/chunks/e0865_next_dist_0e18cb42._.js:2297
[   82369ms] [LOG] [Fast Refresh] done in 372ms @ http://localhost:3100/_next/static/chunks/e0865_next_dist_0e18cb42._.js:2297
[   82534ms] [INFO] %cDownload the React DevTools for a better development experience: https://react.dev/link/react-devtools font-weight:bold @ http://localhost:3100/_next/static/chunks/e0865_next_dist_0e18cb42._.js:2297
[   82591ms] [LOG] [HMR] connected @ http://localhost:3100/_next/static/chunks/e0865_next_dist_0e18cb42._.js:2297
[   87939ms] [LOG] [Fast Refresh] rebuilding @ http://localhost:3100/_next/static/chunks/e0865_next_dist_0e18cb42._.js:2297
[   88330ms] [LOG] [Fast Refresh] done in 493ms @ http://localhost:3100/_next/static/chunks/e0865_next_dist_0e18cb42._.js:2297
[   88480ms] [INFO] %cDownload the React DevTools for a better development experience: https://react.dev/link/react-devtools font-weight:bold @ http://localhost:3100/_next/static/chunks/e0865_next_dist_0e18cb42._.js:2297
[   88523ms] [LOG] [HMR] connected @ http://localhost:3100/_next/static/chunks/e0865_next_dist_0e18cb42._.js:2297
[   94933ms] [LOG] [Fast Refresh] rebuilding @ http://localhost:3100/_next/static/chunks/e0865_next_dist_0e18cb42._.js:2297
[   95160ms] [LOG] [Fast Refresh] done in 341ms @ http://localhost:3100/_next/static/chunks/e0865_next_dist_0e18cb42._.js:2297
[   95297ms] [INFO] %cDownload the React DevTools for a better development experience: https://react.dev/link/react-devtools font-weight:bold @ http://localhost:3100/_next/static/chunks/e0865_next_dist_0e18cb42._.js:2297
[   95350ms] [LOG] [HMR] connected @ http://localhost:3100/_next/static/chunks/e0865_next_dist_0e18cb42._.js:2297
[   99810ms] [LOG] [Fast Refresh] rebuilding @ http://localhost:3100/_next/static/chunks/e0865_next_dist_0e18cb42._.js:2297
[   99953ms] [LOG] [Fast Refresh] done in 258ms @ http://localhost:3100/_next/static/chunks/e0865_next_dist_0e18cb42._.js:2297
[  100173ms] [INFO] %cDownload the React DevTools for a better development experience: https://react.dev/link/react-devtools font-weight:bold @ http://localhost:3100/_next/static/chunks/e0865_next_dist_0e18cb42._.js:2297
[  100244ms] [LOG] [HMR] connected @ http://localhost:3100/_next/static/chunks/e0865_next_dist_0e18cb42._.js:2297
[  104632ms] [LOG] [Fast Refresh] rebuilding @ http://localhost:3100/_next/static/chunks/e0865_next_dist_0e18cb42._.js:2297
[  104935ms] [LOG] [Fast Refresh] done in 416ms @ http://localhost:3100/_next/static/chunks/e0865_next_dist_0e18cb42._.js:2297
[  105099ms] [INFO] %cDownload the React DevTools for a better development experience: https://react.dev/link/react-devtools font-weight:bold @ http://localhost:3100/_next/static/chunks/e0865_next_dist_0e18cb42._.js:2297
[  105158ms] [LOG] [HMR] connected @ http://localhost:3100/_next/static/chunks/e0865_next_dist_0e18cb42._.js:2297
[  109610ms] [LOG] [Fast Refresh] rebuilding @ http://localhost:3100/_next/static/chunks/e0865_next_dist_0e18cb42._.js:2297
[  109900ms] [LOG] [Fast Refresh] done in 401ms @ http://localhost:3100/_next/static/chunks/e0865_next_dist_0e18cb42._.js:2297
[  110189ms] [INFO] %cDownload the React DevTools for a better development experience: https://react.dev/link/react-devtools font-weight:bold @ http://localhost:3100/_next/static/chunks/e0865_next_dist_0e18cb42._.js:2297
[  110261ms] [LOG] [HMR] connected @ http://localhost:3100/_next/static/chunks/e0865_next_dist_0e18cb42._.js:2297
[  115794ms] [LOG] [Fast Refresh] rebuilding @ http://localhost:3100/_next/static/chunks/e0865_next_dist_0e18cb42._.js:2297
[  116035ms] [LOG] [Fast Refresh] done in 349ms @ http://localhost:3100/_next/static/chunks/e0865_next_dist_0e18cb42._.js:2297
[  116182ms] [INFO] %cDownload the React DevTools for a better development experience: https://react.dev/link/react-devtools font-weight:bold @ http://localhost:3100/_next/static/chunks/e0865_next_dist_0e18cb42._.js:2297
[  116248ms] [LOG] [HMR] connected @ http://localhost:3100/_next/static/chunks/e0865_next_dist_0e18cb42._.js:2297
[  121085ms] [LOG] [Fast Refresh] rebuilding @ http://localhost:3100/_next/static/chunks/e0865_next_dist_0e18cb42._.js:2297
[  121358ms] [LOG] [Fast Refresh] done in 384ms @ http://localhost:3100/_next/static/chunks/e0865_next_dist_0e18cb42._.js:2297
[  121492ms] [INFO] %cDownload the React DevTools for a better development experience: https://react.dev/link/react-devtools font-weight:bold @ http://localhost:3100/_next/static/chunks/e0865_next_dist_0e18cb42._.js:2297
[  121578ms] [LOG] [HMR] connected @ http://localhost:3100/_next/static/chunks/e0865_next_dist_0e18cb42._.js:2297
[  121740ms] [LOG] [Fast Refresh] rebuilding @ http://localhost:3100/_next/static/chunks/e0865_next_dist_0e18cb42._.js:2297
[  122352ms] [LOG] [Fast Refresh] done in 606ms @ http://localhost:3100/_next/static/chunks/e0865_next_dist_0e18cb42._.js:2297
[  122488ms] [LOG] [Fast Refresh] rebuilding @ http://localhost:3100/_next/static/chunks/e0865_next_dist_0e18cb42._.js:2297
[  123015ms] [LOG] [Fast Refresh] done in 641ms @ http://localhost:3100/_next/static/chunks/e0865_next_dist_0e18cb42._.js:2297
[  175573ms] [LOG] [Fast Refresh] rebuilding @ http://localhost:3100/_next/static/chunks/e0865_next_dist_0e18cb42._.js:2297
[  176211ms] [LOG] [Fast Refresh] done in 753ms @ http://localhost:3100/_next/static/chunks/e0865_next_dist_0e18cb42._.js:2297
[  176582ms] [INFO] %cDownload the React DevTools for a better development experience: https://react.dev/link/react-devtools font-weight:bold @ http://localhost:3100/_next/static/chunks/e0865_next_dist_0e18cb42._.js:2297
[  176694ms] [LOG] [HMR] connected @ http://localhost:3100/_next/static/chunks/e0865_next_dist_0e18cb42._.js:2297
[  183276ms] [LOG] [Fast Refresh] rebuilding @ http://localhost:3100/_next/static/chunks/e0865_next_dist_0e18cb42._.js:2297
[  183680ms] [LOG] [Fast Refresh] done in 516ms @ http://localhost:3100/_next/static/chunks/e0865_next_dist_0e18cb42._.js:2297
[  183852ms] [INFO] %cDownload the React DevTools for a better development experience: https://react.dev/link/react-devtools font-weight:bold @ http://localhost:3100/_next/static/chunks/e0865_next_dist_0e18cb42._.js:2297
[  183916ms] [LOG] [HMR] connected @ http://localhost:3100/_next/static/chunks/e0865_next_dist_0e18cb42._.js:2297
[  189602ms] [LOG] [Fast Refresh] rebuilding @ http://localhost:3100/_next/static/chunks/e0865_next_dist_0e18cb42._.js:2297
[  190089ms] [LOG] [Fast Refresh] done in 594ms @ http://localhost:3100/_next/static/chunks/e0865_next_dist_0e18cb42._.js:2297
[  190290ms] [INFO] %cDownload the React DevTools for a better development experience: https://react.dev/link/react-devtools font-weight:bold @ http://localhost:3100/_next/static/chunks/e0865_next_dist_0e18cb42._.js:2297
[  190365ms] [LOG] [HMR] connected @ http://localhost:3100/_next/static/chunks/e0865_next_dist_0e18cb42._.js:2297
[  192932ms] [LOG] [Fast Refresh] rebuilding @ http://localhost:3100/_next/static/chunks/e0865_next_dist_0e18cb42._.js:2297
[  193361ms] [LOG] [Fast Refresh] done in 541ms @ http://localhost:3100/_next/static/chunks/e0865_next_dist_0e18cb42._.js:2297
[  193537ms] [INFO] %cDownload the React DevTools for a better development experience: https://react.dev/link/react-devtools font-weight:bold @ http://localhost:3100/_next/static/chunks/e0865_next_dist_0e18cb42._.js:2297
[  193595ms] [LOG] [HMR] connected @ http://localhost:3100/_next/static/chunks/e0865_next_dist_0e18cb42._.js:2297
[  197091ms] [LOG] [Fast Refresh] rebuilding @ http://localhost:3100/_next/static/chunks/e0865_next_dist_0e18cb42._.js:2297
[  197422ms] [LOG] [Fast Refresh] done in 445ms @ http://localhost:3100/_next/static/chunks/e0865_next_dist_0e18cb42._.js:2297
[  197589ms] [INFO] %cDownload the React DevTools for a better development experience: https://react.dev/link/react-devtools font-weight:bold @ http://localhost:3100/_next/static/chunks/e0865_next_dist_0e18cb42._.js:2297
[  197665ms] [LOG] [HMR] connected @ http://localhost:3100/_next/static/chunks/e0865_next_dist_0e18cb42._.js:2297
[  200256ms] [LOG] [Fast Refresh] rebuilding @ http://localhost:3100/_next/static/chunks/e0865_next_dist_0e18cb42._.js:2297
[  200455ms] [LOG] [Fast Refresh] done in 309ms @ http://localhost:3100/_next/static/chunks/e0865_next_dist_0e18cb42._.js:2297
[  200617ms] [INFO] %cDownload the React DevTools for a better development experience: https://react.dev/link/react-devtools font-weight:bold @ http://localhost:3100/_next/static/chunks/e0865_next_dist_0e18cb42._.js:2297
[  200678ms] [LOG] [HMR] connected @ http://localhost:3100/_next/static/chunks/e0865_next_dist_0e18cb42._.js:2297
[  205257ms] [LOG] [Fast Refresh] rebuilding @ http://localhost:3100/_next/static/chunks/e0865_next_dist_0e18cb42._.js:2297
[  205568ms] [LOG] [Fast Refresh] done in 425ms @ http://localhost:3100/_next/static/chunks/e0865_next_dist_0e18cb42._.js:2297
[  205725ms] [INFO] %cDownload the React DevTools for a better development experience: https://react.dev/link/react-devtools font-weight:bold @ http://localhost:3100/_next/static/chunks/e0865_next_dist_0e18cb42._.js:2297
[  205796ms] [LOG] [HMR] connected @ http://localhost:3100/_next/static/chunks/e0865_next_dist_0e18cb42._.js:2297
[  210201ms] [LOG] [Fast Refresh] rebuilding @ http://localhost:3100/_next/static/chunks/e0865_next_dist_0e18cb42._.js:2297
[  210640ms] [LOG] [Fast Refresh] done in 549ms @ http://localhost:3100/_next/static/chunks/e0865_next_dist_0e18cb42._.js:2297
[  210794ms] [INFO] %cDownload the React DevTools for a better development experience: https://react.dev/link/react-devtools font-weight:bold @ http://localhost:3100/_next/static/chunks/e0865_next_dist_0e18cb42._.js:2297
[  210853ms] [LOG] [HMR] connected @ http://localhost:3100/_next/static/chunks/e0865_next_dist_0e18cb42._.js:2297
[  214993ms] [LOG] [Fast Refresh] rebuilding @ http://localhost:3100/_next/static/chunks/e0865_next_dist_0e18cb42._.js:2297
[  215776ms] [LOG] [Fast Refresh] done in 899ms @ http://localhost:3100/_next/static/chunks/e0865_next_dist_0e18cb42._.js:2297
[  216031ms] [INFO] %cDownload the React DevTools for a better development experience: https://react.dev/link/react-devtools font-weight:bold @ http://localhost:3100/_next/static/chunks/e0865_next_dist_0e18cb42._.js:2297
[  216128ms] [LOG] [HMR] connected @ http://localhost:3100/_next/static/chunks/e0865_next_dist_0e18cb42._.js:2297
[  218595ms] [LOG] [Fast Refresh] rebuilding @ http://localhost:3100/_next/static/chunks/e0865_next_dist_0e18cb42._.js:2297
[  219097ms] [LOG] [Fast Refresh] done in 613ms @ http://localhost:3100/_next/static/chunks/e0865_next_dist_0e18cb42._.js:2297
[  219322ms] [INFO] %cDownload the React DevTools for a better development experience: https://react.dev/link/react-devtools font-weight:bold @ http://localhost:3100/_next/static/chunks/e0865_next_dist_0e18cb42._.js:2297
[  219378ms] [LOG] [HMR] connected @ http://localhost:3100/_next/static/chunks/e0865_next_dist_0e18cb42._.js:2297
[  221763ms] [LOG] [Fast Refresh] rebuilding @ http://localhost:3100/_next/static/chunks/e0865_next_dist_0e18cb42._.js:2297
[  221993ms] [LOG] [Fast Refresh] done in 341ms @ http://localhost:3100/_next/static/chunks/e0865_next_dist_0e18cb42._.js:2297
[  222163ms] [INFO] %cDownload the React DevTools for a better development experience: https://react.dev/link/react-devtools font-weight:bold @ http://localhost:3100/_next/static/chunks/e0865_next_dist_0e18cb42._.js:2297
[  222215ms] [LOG] [HMR] connected @ http://localhost:3100/_next/static/chunks/e0865_next_dist_0e18cb42._.js:2297
[  226565ms] [LOG] [Fast Refresh] rebuilding @ http://localhost:3100/_next/static/chunks/e0865_next_dist_0e18cb42._.js:2297
[  226695ms] [LOG] [Fast Refresh] done in 236ms @ http://localhost:3100/_next/static/chunks/e0865_next_dist_0e18cb42._.js:2297
[  227204ms] [INFO] %cDownload the React DevTools for a better development experience: https://react.dev/link/react-devtools font-weight:bold @ http://localhost:3100/_next/static/chunks/e0865_next_dist_0e18cb42._.js:2297
[  227249ms] [LOG] [HMR] connected @ http://localhost:3100/_next/static/chunks/e0865_next_dist_0e18cb42._.js:2297
[  229681ms] [LOG] [Fast Refresh] rebuilding @ http://localhost:3100/_next/static/chunks/e0865_next_dist_0e18cb42._.js:2297
[  229907ms] [LOG] [Fast Refresh] done in 327ms @ http://localhost:3100/_next/static/chunks/e0865_next_dist_0e18cb42._.js:2297
[  230047ms] [INFO] %cDownload the React DevTools for a better development experience: https://react.dev/link/react-devtools font-weight:bold @ http://localhost:3100/_next/static/chunks/e0865_next_dist_0e18cb42._.js:2297
[  230098ms] [LOG] [HMR] connected @ http://localhost:3100/_next/static/chunks/e0865_next_dist_0e18cb42._.js:2297
[  232358ms] [LOG] [Fast Refresh] rebuilding @ http://localhost:3100/_next/static/chunks/e0865_next_dist_0e18cb42._.js:2297
[  232698ms] [LOG] [Fast Refresh] done in 451ms @ http://localhost:3100/_next/static/chunks/e0865_next_dist_0e18cb42._.js:2297
[  232833ms] [INFO] %cDownload the React DevTools for a better development experience: https://react.dev/link/react-devtools font-weight:bold @ http://localhost:3100/_next/static/chunks/e0865_next_dist_0e18cb42._.js:2297
[  232895ms] [LOG] [HMR] connected @ http://localhost:3100/_next/static/chunks/e0865_next_dist_0e18cb42._.js:2297
[  235160ms] [LOG] [Fast Refresh] rebuilding @ http://localhost:3100/_next/static/chunks/e0865_next_dist_0e18cb42._.js:2297
[  235474ms] [LOG] [Fast Refresh] done in 425ms @ http://localhost:3100/_next/static/chunks/e0865_next_dist_0e18cb42._.js:2297
[  235617ms] [INFO] %cDownload the React DevTools for a better development experience: https://react.dev/link/react-devtools font-weight:bold @ http://localhost:3100/_next/static/chunks/e0865_next_dist_0e18cb42._.js:2297
[  235671ms] [LOG] [HMR] connected @ http://localhost:3100/_next/static/chunks/e0865_next_dist_0e18cb42._.js:2297
[  240902ms] [LOG] [Fast Refresh] rebuilding @ http://localhost:3100/_next/static/chunks/e0865_next_dist_0e18cb42._.js:2297
[  241331ms] [LOG] [Fast Refresh] done in 532ms @ http://localhost:3100/_next/static/chunks/e0865_next_dist_0e18cb42._.js:2297
[  241502ms] [INFO] %cDownload the React DevTools for a better development experience: https://react.dev/link/react-devtools font-weight:bold @ http://localhost:3100/_next/static/chunks/e0865_next_dist_0e18cb42._.js:2297
[  241565ms] [LOG] [HMR] connected @ http://localhost:3100/_next/static/chunks/e0865_next_dist_0e18cb42._.js:2297
[  244794ms] [LOG] [Fast Refresh] rebuilding @ http://localhost:3100/_next/static/chunks/e0865_next_dist_0e18cb42._.js:2297
[  245099ms] [LOG] [Fast Refresh] done in 417ms @ http://localhost:3100/_next/static/chunks/e0865_next_dist_0e18cb42._.js:2297
[  245258ms] [INFO] %cDownload the React DevTools for a better development experience: https://react.dev/link/react-devtools font-weight:bold @ http://localhost:3100/_next/static/chunks/e0865_next_dist_0e18cb42._.js:2297
[  245315ms] [LOG] [HMR] connected @ http://localhost:3100/_next/static/chunks/e0865_next_dist_0e18cb42._.js:2297
[  249534ms] [LOG] [Fast Refresh] rebuilding @ http://localhost:3100/_next/static/chunks/e0865_next_dist_0e18cb42._.js:2297
[  249598ms] [LOG] [Fast Refresh] done in 171ms @ http://localhost:3100/_next/static/chunks/e0865_next_dist_0e18cb42._.js:2297
[  249737ms] [INFO] %cDownload the React DevTools for a better development experience: https://react.dev/link/react-devtools font-weight:bold @ http://localhost:3100/_next/static/chunks/e0865_next_dist_0e18cb42._.js:2297
[  249778ms] [LOG] [HMR] connected @ http://localhost:3100/_next/static/chunks/e0865_next_dist_0e18cb42._.js:2297
[  295891ms] [LOG] [Fast Refresh] rebuilding @ http://localhost:3100/_next/static/chunks/e0865_next_dist_0e18cb42._.js:2297
[  296217ms] [LOG] [Fast Refresh] done in 439ms @ http://localhost:3100/_next/static/chunks/e0865_next_dist_0e18cb42._.js:2297
[  296386ms] [INFO] %cDownload the React DevTools for a better development experience: https://react.dev/link/react-devtools font-weight:bold @ http://localhost:3100/_next/static/chunks/e0865_next_dist_0e18cb42._.js:2297
[  296432ms] [LOG] [HMR] connected @ http://localhost:3100/_next/static/chunks/e0865_next_dist_0e18cb42._.js:2297
[  298528ms] [LOG] [Fast Refresh] rebuilding @ http://localhost:3100/_next/static/chunks/e0865_next_dist_0e18cb42._.js:2297
[  298849ms] [LOG] [Fast Refresh] done in 428ms @ http://localhost:3100/_next/static/chunks/e0865_next_dist_0e18cb42._.js:2297
[  299025ms] [INFO] %cDownload the React DevTools for a better development experience: https://react.dev/link/react-devtools font-weight:bold @ http://localhost:3100/_next/static/chunks/e0865_next_dist_0e18cb42._.js:2297
[  299066ms] [LOG] [HMR] connected @ http://localhost:3100/_next/static/chunks/e0865_next_dist_0e18cb42._.js:2297
[  304234ms] [LOG] [Fast Refresh] rebuilding @ http://localhost:3100/_next/static/chunks/e0865_next_dist_0e18cb42._.js:2297
[  304746ms] [LOG] [Fast Refresh] done in 618ms @ http://localhost:3100/_next/static/chunks/e0865_next_dist_0e18cb42._.js:2297
[  304907ms] [INFO] %cDownload the React DevTools for a better development experience: https://react.dev/link/react-devtools font-weight:bold @ http://localhost:3100/_next/static/chunks/e0865_next_dist_0e18cb42._.js:2297
[  304955ms] [LOG] [HMR] connected @ http://localhost:3100/_next/static/chunks/e0865_next_dist_0e18cb42._.js:2297
[  311179ms] [LOG] [Fast Refresh] rebuilding @ http://localhost:3100/_next/static/chunks/e0865_next_dist_0e18cb42._.js:2297
[  311460ms] [LOG] [Fast Refresh] done in 395ms @ http://localhost:3100/_next/static/chunks/e0865_next_dist_0e18cb42._.js:2297
[  311599ms] [INFO] %cDownload the React DevTools for a better development experience: https://react.dev/link/react-devtools font-weight:bold @ http://localhost:3100/_next/static/chunks/e0865_next_dist_0e18cb42._.js:2297
[  311645ms] [LOG] [HMR] connected @ http://localhost:3100/_next/static/chunks/e0865_next_dist_0e18cb42._.js:2297
[  312849ms] [LOG] [Fast Refresh] rebuilding @ http://localhost:3100/_next/static/chunks/e0865_next_dist_0e18cb42._.js:2297
[  312921ms] [LOG] [Fast Refresh] done in 187ms @ http://localhost:3100/_next/static/chunks/e0865_next_dist_0e18cb42._.js:2297
[  313064ms] [INFO] %cDownload the React DevTools for a better development experience: https://react.dev/link/react-devtools font-weight:bold @ http://localhost:3100/_next/static/chunks/e0865_next_dist_0e18cb42._.js:2297
[  313103ms] [LOG] [HMR] connected @ http://localhost:3100/_next/static/chunks/e0865_next_dist_0e18cb42._.js:2297
[  321307ms] [LOG] [Fast Refresh] rebuilding @ http://localhost:3100/_next/static/chunks/e0865_next_dist_0e18cb42._.js:2297
[  321495ms] [LOG] [Fast Refresh] done in 297ms @ http://localhost:3100/_next/static/chunks/e0865_next_dist_0e18cb42._.js:2297
[  321635ms] [INFO] %cDownload the React DevTools for a better development experience: https://react.dev/link/react-devtools font-weight:bold @ http://localhost:3100/_next/static/chunks/e0865_next_dist_0e18cb42._.js:2297
[  321690ms] [LOG] [HMR] connected @ http://localhost:3100/_next/static/chunks/e0865_next_dist_0e18cb42._.js:2297
[  398613ms] [LOG] [Fast Refresh] rebuilding @ http://localhost:3100/_next/static/chunks/e0865_next_dist_0e18cb42._.js:2297
[  399070ms] [INFO] %cDownload the React DevTools for a better development experience: https://react.dev/link/react-devtools font-weight:bold @ http://localhost:3100/_next/static/chunks/e0865_next_dist_0e18cb42._.js:2297
[  399243ms] [LOG] [HMR] connected @ http://localhost:3100/_next/static/chunks/e0865_next_dist_0e18cb42._.js:2297
[  401266ms] [LOG] [Fast Refresh] rebuilding @ http://localhost:3100/_next/static/chunks/e0865_next_dist_0e18cb42._.js:2297
[  401488ms] [LOG] [Fast Refresh] done in 332ms @ http://localhost:3100/_next/static/chunks/e0865_next_dist_0e18cb42._.js:2297
[  401621ms] [INFO] %cDownload the React DevTools for a better development experience: https://react.dev/link/react-devtools font-weight:bold @ http://localhost:3100/_next/static/chunks/e0865_next_dist_0e18cb42._.js:2297
[  401716ms] [LOG] [HMR] connected @ http://localhost:3100/_next/static/chunks/e0865_next_dist_0e18cb42._.js:2297
[  406842ms] [LOG] [Fast Refresh] rebuilding @ http://localhost:3100/_next/static/chunks/e0865_next_dist_0e18cb42._.js:2297
[  407089ms] [LOG] [Fast Refresh] done in 355ms @ http://localhost:3100/_next/static/chunks/e0865_next_dist_0e18cb42._.js:2297
[  407248ms] [INFO] %cDownload the React DevTools for a better development experience: https://react.dev/link/react-devtools font-weight:bold @ http://localhost:3100/_next/static/chunks/e0865_next_dist_0e18cb42._.js:2297
[  407313ms] [LOG] [HMR] connected @ http://localhost:3100/_next/static/chunks/e0865_next_dist_0e18cb42._.js:2297
[  410514ms] [LOG] [Fast Refresh] rebuilding @ http://localhost:3100/_next/static/chunks/e0865_next_dist_0e18cb42._.js:2297
[  410663ms] [LOG] [Fast Refresh] done in 261ms @ http://localhost:3100/_next/static/chunks/e0865_next_dist_0e18cb42._.js:2297
[  410778ms] [INFO] %cDownload the React DevTools for a better development experience: https://react.dev/link/react-devtools font-weight:bold @ http://localhost:3100/_next/static/chunks/e0865_next_dist_0e18cb42._.js:2297
[  410857ms] [LOG] [HMR] connected @ http://localhost:3100/_next/static/chunks/e0865_next_dist_0e18cb42._.js:2297
[  411761ms] [LOG] [Fast Refresh] rebuilding @ http://localhost:3100/_next/static/chunks/e0865_next_dist_0e18cb42._.js:2297
[  411809ms] [LOG] [Fast Refresh] done in 153ms @ http://localhost:3100/_next/static/chunks/e0865_next_dist_0e18cb42._.js:2297
[  411930ms] [INFO] %cDownload the React DevTools for a better development experience: https://react.dev/link/react-devtools font-weight:bold @ http://localhost:3100/_next/static/chunks/e0865_next_dist_0e18cb42._.js:2297
[  411990ms] [LOG] [HMR] connected @ http://localhost:3100/_next/static/chunks/e0865_next_dist_0e18cb42._.js:2297
[  420197ms] [LOG] [Fast Refresh] rebuilding @ http://localhost:3100/_next/static/chunks/e0865_next_dist_0e18cb42._.js:2297
[  420402ms] [LOG] [Fast Refresh] done in 312ms @ http://localhost:3100/_next/static/chunks/e0865_next_dist_0e18cb42._.js:2297
[  420749ms] [INFO] %cDownload the React DevTools for a better development experience: https://react.dev/link/react-devtools font-weight:bold @ http://localhost:3100/_next/static/chunks/e0865_next_dist_0e18cb42._.js:2297
[  420783ms] [LOG] [HMR] connected @ http://localhost:3100/_next/static/chunks/e0865_next_dist_0e18cb42._.js:2297
[  457615ms] [LOG] [Fast Refresh] rebuilding @ http://localhost:3100/_next/static/chunks/e0865_next_dist_0e18cb42._.js:2297
[  457930ms] [LOG] [Fast Refresh] done in 419ms @ http://localhost:3100/_next/static/chunks/e0865_next_dist_0e18cb42._.js:2297
[  463793ms] [LOG] [Fast Refresh] rebuilding @ http://localhost:3100/_next/static/chunks/e0865_next_dist_0e18cb42._.js:2297
[  464156ms] [LOG] [Fast Refresh] done in 475ms @ http://localhost:3100/_next/static/chunks/e0865_next_dist_0e18cb42._.js:2297
[  464388ms] [INFO] %cDownload the React DevTools for a better development experience: https://react.dev/link/react-devtools font-weight:bold @ http://localhost:3100/_next/static/chunks/e0865_next_dist_0e18cb42._.js:2297
[  464459ms] [LOG] [HMR] connected @ http://localhost:3100/_next/static/chunks/e0865_next_dist_0e18cb42._.js:2297
[  465702ms] [LOG] [Fast Refresh] rebuilding @ http://localhost:3100/_next/static/chunks/e0865_next_dist_0e18cb42._.js:2297
[  466120ms] [LOG] [Fast Refresh] done in 530ms @ http://localhost:3100/_next/static/chunks/e0865_next_dist_0e18cb42._.js:2297
[  466296ms] [INFO] %cDownload the React DevTools for a better development experience: https://react.dev/link/react-devtools font-weight:bold @ http://localhost:3100/_next/static/chunks/e0865_next_dist_0e18cb42._.js:2297
[  466367ms] [LOG] [HMR] connected @ http://localhost:3100/_next/static/chunks/e0865_next_dist_0e18cb42._.js:2297
[  469856ms] [LOG] [Fast Refresh] rebuilding @ http://localhost:3100/_next/static/chunks/e0865_next_dist_0e18cb42._.js:2297
[  469905ms] [LOG] [Fast Refresh] done in 161ms @ http://localhost:3100/_next/static/chunks/e0865_next_dist_0e18cb42._.js:2297
[  471510ms] [LOG] [Fast Refresh] rebuilding @ http://localhost:3100/_next/static/chunks/e0865_next_dist_0e18cb42._.js:2297
[  471976ms] [LOG] [Fast Refresh] done in 571ms @ http://localhost:3100/_next/static/chunks/e0865_next_dist_0e18cb42._.js:2297
[  472166ms] [INFO] %cDownload the React DevTools for a better development experience: https://react.dev/link/react-devtools font-weight:bold @ http://localhost:3100/_next/static/chunks/e0865_next_dist_0e18cb42._.js:2297
[  472230ms] [LOG] [HMR] connected @ http://localhost:3100/_next/static/chunks/e0865_next_dist_0e18cb42._.js:2297
[  475469ms] [LOG] [Fast Refresh] rebuilding @ http://localhost:3100/_next/static/chunks/e0865_next_dist_0e18cb42._.js:2297
[  476147ms] [LOG] [Fast Refresh] done in 789ms @ http://localhost:3100/_next/static/chunks/e0865_next_dist_0e18cb42._.js:2297
[  476380ms] [INFO] %cDownload the React DevTools for a better development experience: https://react.dev/link/react-devtools font-weight:bold @ http://localhost:3100/_next/static/chunks/e0865_next_dist_0e18cb42._.js:2297
[  476453ms] [LOG] [HMR] connected @ http://localhost:3100/_next/static/chunks/e0865_next_dist_0e18cb42._.js:2297
[  477536ms] [LOG] [Fast Refresh] rebuilding @ http://localhost:3100/_next/static/chunks/e0865_next_dist_0e18cb42._.js:2297
[  477736ms] [LOG] [Fast Refresh] done in 315ms @ http://localhost:3100/_next/static/chunks/e0865_next_dist_0e18cb42._.js:2297
[  478317ms] [INFO] %cDownload the React DevTools for a better development experience: https://react.dev/link/react-devtools font-weight:bold @ http://localhost:3100/_next/static/chunks/e0865_next_dist_0e18cb42._.js:2297
[  478373ms] [LOG] [HMR] connected @ http://localhost:3100/_next/static/chunks/e0865_next_dist_0e18cb42._.js:2297
[  481099ms] [LOG] [Fast Refresh] rebuilding @ http://localhost:3100/_next/static/chunks/e0865_next_dist_0e18cb42._.js:2297
[  482206ms] [LOG] [Fast Refresh] done in 1221ms @ http://localhost:3100/_next/static/chunks/e0865_next_dist_0e18cb42._.js:2297
[  484929ms] [LOG] [Fast Refresh] rebuilding @ http://localhost:3100/_next/static/chunks/e0865_next_dist_0e18cb42._.js:2297
[  485010ms] [LOG] [Fast Refresh] done in 183ms @ http://localhost:3100/_next/static/chunks/e0865_next_dist_0e18cb42._.js:2297
[  487653ms] [LOG] [Fast Refresh] rebuilding @ http://localhost:3100/_next/static/chunks/e0865_next_dist_0e18cb42._.js:2297
[  487999ms] [LOG] [Fast Refresh] done in 456ms @ http://localhost:3100/_next/static/chunks/e0865_next_dist_0e18cb42._.js:2297
[  488221ms] [INFO] %cDownload the React DevTools for a better development experience: https://react.dev/link/react-devtools font-weight:bold @ http://localhost:3100/_next/static/chunks/e0865_next_dist_0e18cb42._.js:2297
[  488293ms] [LOG] [HMR] connected @ http://localhost:3100/_next/static/chunks/e0865_next_dist_0e18cb42._.js:2297
[  494100ms] [LOG] [Fast Refresh] rebuilding @ http://localhost:3100/_next/static/chunks/e0865_next_dist_0e18cb42._.js:2297
[  494144ms] [LOG] [Fast Refresh] done in 146ms @ http://localhost:3100/_next/static/chunks/e0865_next_dist_0e18cb42._.js:2297
[  495555ms] [LOG] [Fast Refresh] rebuilding @ http://localhost:3100/_next/static/chunks/e0865_next_dist_0e18cb42._.js:2297
[  495582ms] [LOG] [Fast Refresh] done in 135ms @ http://localhost:3100/_next/static/chunks/e0865_next_dist_0e18cb42._.js:2297
[  496164ms] [LOG] [Fast Refresh] rebuilding @ http://localhost:3100/_next/static/chunks/e0865_next_dist_0e18cb42._.js:2297
[  496360ms] [LOG] [Fast Refresh] done in 303ms @ http://localhost:3100/_next/static/chunks/e0865_next_dist_0e18cb42._.js:2297
[  498195ms] [LOG] [Fast Refresh] rebuilding @ http://localhost:3100/_next/static/chunks/e0865_next_dist_0e18cb42._.js:2297
[  498223ms] [LOG] [Fast Refresh] done in 129ms @ http://localhost:3100/_next/static/chunks/e0865_next_dist_0e18cb42._.js:2297
[  500693ms] [LOG] [Fast Refresh] rebuilding @ http://localhost:3100/_next/static/chunks/e0865_next_dist_0e18cb42._.js:2297
[  501139ms] [LOG] [Fast Refresh] done in 555ms @ http://localhost:3100/_next/static/chunks/e0865_next_dist_0e18cb42._.js:2297
[  501339ms] [INFO] %cDownload the React DevTools for a better development experience: https://react.dev/link/react-devtools font-weight:bold @ http://localhost:3100/_next/static/chunks/e0865_next_dist_0e18cb42._.js:2297
[  501399ms] [LOG] [HMR] connected @ http://localhost:3100/_next/static/chunks/e0865_next_dist_0e18cb42._.js:2297
[  512211ms] [LOG] [Fast Refresh] rebuilding @ http://localhost:3100/_next/static/chunks/e0865_next_dist_0e18cb42._.js:2297
[  513052ms] [LOG] [Fast Refresh] done in 943ms @ http://localhost:3100/_next/static/chunks/e0865_next_dist_0e18cb42._.js:2297
[  530639ms] [LOG] [Fast Refresh] rebuilding @ http://localhost:3100/_next/static/chunks/e0865_next_dist_0e18cb42._.js:2297
[  530978ms] [LOG] [Fast Refresh] done in 440ms @ http://localhost:3100/_next/static/chunks/e0865_next_dist_0e18cb42._.js:2297
[  531214ms] [INFO] %cDownload the React DevTools for a better development experience: https://react.dev/link/react-devtools font-weight:bold @ http://localhost:3100/_next/static/chunks/e0865_next_dist_0e18cb42._.js:2297
[  531289ms] [LOG] [HMR] connected @ http://localhost:3100/_next/static/chunks/e0865_next_dist_0e18cb42._.js:2297
[  539801ms] [LOG] [Fast Refresh] rebuilding @ http://localhost:3100/_next/static/chunks/e0865_next_dist_0e18cb42._.js:2297
[  540009ms] [LOG] [Fast Refresh] done in 311ms @ http://localhost:3100/_next/static/chunks/e0865_next_dist_0e18cb42._.js:2297
[  550775ms] [LOG] [Fast Refresh] rebuilding @ http://localhost:3100/_next/static/chunks/e0865_next_dist_0e18cb42._.js:2297
[  550807ms] [LOG] [Fast Refresh] done in 147ms @ http://localhost:3100/_next/static/chunks/e0865_next_dist_0e18cb42._.js:2297
[  558268ms] [LOG] [Fast Refresh] rebuilding @ http://localhost:3100/_next/static/chunks/e0865_next_dist_0e18cb42._.js:2297
[  559271ms] [LOG] [Fast Refresh] done in 1119ms @ http://localhost:3100/_next/static/chunks/e0865_next_dist_0e18cb42._.js:2297
[  588823ms] [LOG] [Fast Refresh] rebuilding @ http://localhost:3100/_next/static/chunks/e0865_next_dist_0e18cb42._.js:2297
[  589165ms] [LOG] [Fast Refresh] done in 446ms @ http://localhost:3100/_next/static/chunks/e0865_next_dist_0e18cb42._.js:2297
[  589342ms] [INFO] %cDownload the React DevTools for a better development experience: https://react.dev/link/react-devtools font-weight:bold @ http://localhost:3100/_next/static/chunks/e0865_next_dist_0e18cb42._.js:2297
[  589390ms] [LOG] [HMR] connected @ http://localhost:3100/_next/static/chunks/e0865_next_dist_0e18cb42._.js:2297
[  614427ms] [LOG] [Fast Refresh] rebuilding @ http://localhost:3100/_next/static/chunks/e0865_next_dist_0e18cb42._.js:2297
[  615362ms] [LOG] [Fast Refresh] done in 1003ms @ http://localhost:3100/_next/static/chunks/e0865_next_dist_0e18cb42._.js:2297
[  668223ms] [LOG] [Fast Refresh] rebuilding @ http://localhost:3100/_next/static/chunks/e0865_next_dist_0e18cb42._.js:2297
[  669384ms] [LOG] [Fast Refresh] done in 1239ms @ http://localhost:3100/_next/static/chunks/e0865_next_dist_0e18cb42._.js:2297
[  677329ms] [LOG] [Fast Refresh] rebuilding @ http://localhost:3100/_next/static/chunks/e0865_next_dist_0e18cb42._.js:2297
[  679165ms] [LOG] [Fast Refresh] done in 1948ms @ http://localhost:3100/_next/static/chunks/e0865_next_dist_0e18cb42._.js:2297
[  702821ms] [LOG] [Fast Refresh] rebuilding @ http://localhost:3100/_next/static/chunks/e0865_next_dist_0e18cb42._.js:2297
[  703631ms] [LOG] [Fast Refresh] done in 925ms @ http://localhost:3100/_next/static/chunks/e0865_next_dist_0e18cb42._.js:2297
[  703868ms] [INFO] %cDownload the React DevTools for a better development experience: https://react.dev/link/react-devtools font-weight:bold @ http://localhost:3100/_next/static/chunks/e0865_next_dist_0e18cb42._.js:2297
[  703936ms] [LOG] [HMR] connected @ http://localhost:3100/_next/static/chunks/e0865_next_dist_0e18cb42._.js:2297
[  712307ms] [LOG] [Fast Refresh] rebuilding @ http://localhost:3100/_next/static/chunks/e0865_next_dist_0e18cb42._.js:2297
[  713161ms] [LOG] [Fast Refresh] done in 966ms @ http://localhost:3100/_next/static/chunks/e0865_next_dist_0e18cb42._.js:2297
[  713402ms] [INFO] %cDownload the React DevTools for a better development experience: https://react.dev/link/react-devtools font-weight:bold @ http://localhost:3100/_next/static/chunks/e0865_next_dist_0e18cb42._.js:2297
[  713447ms] [LOG] [HMR] connected @ http://localhost:3100/_next/static/chunks/e0865_next_dist_0e18cb42._.js:2297
[  715700ms] [LOG] [Fast Refresh] rebuilding @ http://localhost:3100/_next/static/chunks/e0865_next_dist_0e18cb42._.js:2297
[  717242ms] [LOG] [Fast Refresh] done in 1651ms @ http://localhost:3100/_next/static/chunks/e0865_next_dist_0e18cb42._.js:2297
[  717480ms] [INFO] %cDownload the React DevTools for a better development experience: https://react.dev/link/react-devtools font-weight:bold @ http://localhost:3100/_next/static/chunks/e0865_next_dist_0e18cb42._.js:2297
[  717540ms] [LOG] [HMR] connected @ http://localhost:3100/_next/static/chunks/e0865_next_dist_0e18cb42._.js:2297
[  725904ms] [LOG] [Fast Refresh] rebuilding @ http://localhost:3100/_next/static/chunks/e0865_next_dist_0e18cb42._.js:2297
[  727380ms] [LOG] [Fast Refresh] done in 1580ms @ http://localhost:3100/_next/static/chunks/e0865_next_dist_0e18cb42._.js:2297
[  727576ms] [INFO] %cDownload the React DevTools for a better development experience: https://react.dev/link/react-devtools font-weight:bold @ http://localhost:3100/_next/static/chunks/e0865_next_dist_0e18cb42._.js:2297
[  727631ms] [LOG] [HMR] connected @ http://localhost:3100/_next/static/chunks/e0865_next_dist_0e18cb42._.js:2297
[  735144ms] [LOG] [Fast Refresh] rebuilding @ http://localhost:3100/_next/static/chunks/e0865_next_dist_0e18cb42._.js:2297
[  736773ms] [LOG] [Fast Refresh] done in 1736ms @ http://localhost:3100/_next/static/chunks/e0865_next_dist_0e18cb42._.js:2297
[  737097ms] [INFO] %cDownload the React DevTools for a better development experience: https://react.dev/link/react-devtools font-weight:bold @ http://localhost:3100/_next/static/chunks/e0865_next_dist_0e18cb42._.js:2297
[  737183ms] [LOG] [HMR] connected @ http://localhost:3100/_next/static/chunks/e0865_next_dist_0e18cb42._.js:2297
[  746673ms] [LOG] [Fast Refresh] rebuilding @ http://localhost:3100/_next/static/chunks/e0865_next_dist_0e18cb42._.js:2297
[  747678ms] [LOG] [Fast Refresh] done in 1116ms @ http://localhost:3100/_next/static/chunks/e0865_next_dist_0e18cb42._.js:2297
[  747889ms] [INFO] %cDownload the React DevTools for a better development experience: https://react.dev/link/react-devtools font-weight:bold @ http://localhost:3100/_next/static/chunks/e0865_next_dist_0e18cb42._.js:2297
[  747944ms] [LOG] [HMR] connected @ http://localhost:3100/_next/static/chunks/e0865_next_dist_0e18cb42._.js:2297
[  754358ms] [LOG] [Fast Refresh] rebuilding @ http://localhost:3100/_next/static/chunks/e0865_next_dist_0e18cb42._.js:2297
[  754543ms] [LOG] [Fast Refresh] done in 288ms @ http://localhost:3100/_next/static/chunks/e0865_next_dist_0e18cb42._.js:2297
[  754693ms] [INFO] %cDownload the React DevTools for a better development experience: https://react.dev/link/react-devtools font-weight:bold @ http://localhost:3100/_next/static/chunks/e0865_next_dist_0e18cb42._.js:2297
[  754770ms] [LOG] [HMR] connected @ http://localhost:3100/_next/static/chunks/e0865_next_dist_0e18cb42._.js:2297
[  829368ms] [LOG] [Fast Refresh] rebuilding @ http://localhost:3100/_next/static/chunks/e0865_next_dist_0e18cb42._.js:2297
[  829696ms] [LOG] [Fast Refresh] done in 433ms @ http://localhost:3100/_next/static/chunks/e0865_next_dist_0e18cb42._.js:2297
[  829924ms] [INFO] %cDownload the React DevTools for a better development experience: https://react.dev/link/react-devtools font-weight:bold @ http://localhost:3100/_next/static/chunks/e0865_next_dist_0e18cb42._.js:2297
[  830036ms] [LOG] [HMR] connected @ http://localhost:3100/_next/static/chunks/e0865_next_dist_0e18cb42._.js:2297
[ 1307990ms] [LOG] [Fast Refresh] rebuilding @ http://localhost:3100/_next/static/chunks/e0865_next_dist_0e18cb42._.js:2297
[ 1308631ms] [LOG] [Fast Refresh] done in 742ms @ http://localhost:3100/_next/static/chunks/e0865_next_dist_0e18cb42._.js:2297
[ 1369133ms] [LOG] [Fast Refresh] rebuilding @ http://localhost:3100/_next/static/chunks/e0865_next_dist_0e18cb42._.js:2297
[ 1369245ms] [LOG] [Fast Refresh] done in 215ms @ http://localhost:3100/_next/static/chunks/e0865_next_dist_0e18cb42._.js:2297
[ 1370866ms] [LOG] [Fast Refresh] rebuilding @ http://localhost:3100/_next/static/chunks/e0865_next_dist_0e18cb42._.js:2297
[ 1372671ms] [LOG] [Fast Refresh] done in 1825ms @ http://localhost:3100/_next/static/chunks/e0865_next_dist_0e18cb42._.js:2297
[ 1374094ms] [LOG] [Fast Refresh] rebuilding @ http://localhost:3100/_next/static/chunks/e0865_next_dist_0e18cb42._.js:2297
[ 1375145ms] [LOG] [Fast Refresh] done in 1165ms @ http://localhost:3100/_next/static/chunks/e0865_next_dist_0e18cb42._.js:2297
[ 1375284ms] [LOG] [Fast Refresh] rebuilding @ http://localhost:3100/_next/static/chunks/e0865_next_dist_0e18cb42._.js:2297
[ 1375359ms] [LOG] [Fast Refresh] done in 181ms @ http://localhost:3100/_next/static/chunks/e0865_next_dist_0e18cb42._.js:2297
[ 1375473ms] [LOG] [Fast Refresh] rebuilding @ http://localhost:3100/_next/static/chunks/e0865_next_dist_0e18cb42._.js:2297
[ 1375524ms] [LOG] [Fast Refresh] done in 156ms @ http://localhost:3100/_next/static/chunks/e0865_next_dist_0e18cb42._.js:2297
[ 1375628ms] [LOG] [Fast Refresh] rebuilding @ http://localhost:3100/_next/static/chunks/e0865_next_dist_0e18cb42._.js:2297
[ 1376210ms] [LOG] [Fast Refresh] done in 684ms @ http://localhost:3100/_next/static/chunks/e0865_next_dist_0e18cb42._.js:2297
[ 1376350ms] [LOG] [Fast Refresh] rebuilding @ http://localhost:3100/_next/static/chunks/e0865_next_dist_0e18cb42._.js:2297
[ 1376368ms] [LOG] [Fast Refresh] done in 128ms @ http://localhost:3100/_next/static/chunks/e0865_next_dist_0e18cb42._.js:2297
[ 1376473ms] [LOG] [Fast Refresh] rebuilding @ http://localhost:3100/_next/static/chunks/e0865_next_dist_0e18cb42._.js:2297
[ 1376498ms] [LOG] [Fast Refresh] done in 129ms @ http://localhost:3100/_next/static/chunks/e0865_next_dist_0e18cb42._.js:2297
[ 1376611ms] [LOG] [Fast Refresh] rebuilding @ http://localhost:3100/_next/static/chunks/e0865_next_dist_0e18cb42._.js:2297
[ 1376780ms] [LOG] [Fast Refresh] done in 281ms @ http://localhost:3100/_next/static/chunks/e0865_next_dist_0e18cb42._.js:2297
[ 1376910ms] [LOG] [Fast Refresh] rebuilding @ http://localhost:3100/_next/static/chunks/e0865_next_dist_0e18cb42._.js:2297
[ 1376917ms] [LOG] [Fast Refresh] done in 116ms @ http://localhost:3100/_next/static/chunks/e0865_next_dist_0e18cb42._.js:2297
[ 1377049ms] [LOG] [Fast Refresh] rebuilding @ http://localhost:3100/_next/static/chunks/e0865_next_dist_0e18cb42._.js:2297
[ 1377207ms] [LOG] [Fast Refresh] done in 262ms @ http://localhost:3100/_next/static/chunks/e0865_next_dist_0e18cb42._.js:2297
[ 1377344ms] [LOG] [Fast Refresh] rebuilding @ http://localhost:3100/_next/static/chunks/e0865_next_dist_0e18cb42._.js:2297
[ 1377492ms] [LOG] [Fast Refresh] done in 249ms @ http://localhost:3100/_next/static/chunks/e0865_next_dist_0e18cb42._.js:2297
[ 1377622ms] [LOG] [Fast Refresh] rebuilding @ http://localhost:3100/_next/static/chunks/e0865_next_dist_0e18cb42._.js:2297
[ 1377686ms] [LOG] [Fast Refresh] done in 167ms @ http://localhost:3100/_next/static/chunks/e0865_next_dist_0e18cb42._.js:2297
[ 1377855ms] [LOG] [Fast Refresh] rebuilding @ http://localhost:3100/_next/static/chunks/e0865_next_dist_0e18cb42._.js:2297
[ 1377877ms] [LOG] [Fast Refresh] done in 123ms @ http://localhost:3100/_next/static/chunks/e0865_next_dist_0e18cb42._.js:2297
[ 1378025ms] [LOG] [Fast Refresh] rebuilding @ http://localhost:3100/_next/static/chunks/e0865_next_dist_0e18cb42._.js:2297
[ 1378071ms] [LOG] [Fast Refresh] done in 150ms @ http://localhost:3100/_next/static/chunks/e0865_next_dist_0e18cb42._.js:2297
[ 1378251ms] [LOG] [Fast Refresh] rebuilding @ http://localhost:3100/_next/static/chunks/e0865_next_dist_0e18cb42._.js:2297
[ 1378255ms] [LOG] [Fast Refresh] done in 112ms @ http://localhost:3100/_next/static/chunks/e0865_next_dist_0e18cb42._.js:2297
[ 1378476ms] [LOG] [Fast Refresh] rebuilding @ http://localhost:3100/_next/static/chunks/e0865_next_dist_0e18cb42._.js:2297
[ 1378588ms] [LOG] [Fast Refresh] done in 222ms @ http://localhost:3100/_next/static/chunks/e0865_next_dist_0e18cb42._.js:2297
[ 1378728ms] [LOG] [Fast Refresh] rebuilding @ http://localhost:3100/_next/static/chunks/e0865_next_dist_0e18cb42._.js:2297
[ 1378888ms] [LOG] [Fast Refresh] done in 268ms @ http://localhost:3100/_next/static/chunks/e0865_next_dist_0e18cb42._.js:2297
[ 1379024ms] [LOG] [Fast Refresh] rebuilding @ http://localhost:3100/_next/static/chunks/e0865_next_dist_0e18cb42._.js:2297
[ 1379087ms] [LOG] [Fast Refresh] done in 166ms @ http://localhost:3100/_next/static/chunks/e0865_next_dist_0e18cb42._.js:2297
[ 1379226ms] [LOG] [Fast Refresh] rebuilding @ http://localhost:3100/_next/static/chunks/e0865_next_dist_0e18cb42._.js:2297
[ 1379298ms] [LOG] [Fast Refresh] done in 175ms @ http://localhost:3100/_next/static/chunks/e0865_next_dist_0e18cb42._.js:2297
[ 1379427ms] [LOG] [Fast Refresh] rebuilding @ http://localhost:3100/_next/static/chunks/e0865_next_dist_0e18cb42._.js:2297
[ 1379598ms] [LOG] [Fast Refresh] done in 280ms @ http://localhost:3100/_next/static/chunks/e0865_next_dist_0e18cb42._.js:2297
[ 1379735ms] [LOG] [Fast Refresh] rebuilding @ http://localhost:3100/_next/static/chunks/e0865_next_dist_0e18cb42._.js:2297
[ 1379767ms] [LOG] [Fast Refresh] done in 140ms @ http://localhost:3100/_next/static/chunks/e0865_next_dist_0e18cb42._.js:2297
[ 1379876ms] [LOG] [Fast Refresh] rebuilding @ http://localhost:3100/_next/static/chunks/e0865_next_dist_0e18cb42._.js:2297
[ 1379934ms] [LOG] [Fast Refresh] done in 165ms @ http://localhost:3100/_next/static/chunks/e0865_next_dist_0e18cb42._.js:2297
[ 1380293ms] [LOG] [Fast Refresh] rebuilding @ http://localhost:3100/_next/static/chunks/e0865_next_dist_0e18cb42._.js:2297
[ 1380309ms] [LOG] [Fast Refresh] done in 124ms @ http://localhost:3100/_next/static/chunks/e0865_next_dist_0e18cb42._.js:2297
[ 1380433ms] [LOG] [Fast Refresh] rebuilding @ http://localhost:3100/_next/static/chunks/e0865_next_dist_0e18cb42._.js:2297
[ 1380454ms] [LOG] [Fast Refresh] done in 129ms @ http://localhost:3100/_next/static/chunks/e0865_next_dist_0e18cb42._.js:2297
[ 1380574ms] [LOG] [Fast Refresh] rebuilding @ http://localhost:3100/_next/static/chunks/e0865_next_dist_0e18cb42._.js:2297
[ 1380618ms] [LOG] [Fast Refresh] done in 158ms @ http://localhost:3100/_next/static/chunks/e0865_next_dist_0e18cb42._.js:2297
[ 1385397ms] [LOG] [Fast Refresh] rebuilding @ http://localhost:3100/_next/static/chunks/e0865_next_dist_0e18cb42._.js:2297
[ 1387442ms] [LOG] [Fast Refresh] done in 1215ms @ http://localhost:3100/_next/static/chunks/e0865_next_dist_0e18cb42._.js:2297
[ 1387578ms] [LOG] [Fast Refresh] rebuilding @ http://localhost:3100/_next/static/chunks/e0865_next_dist_0e18cb42._.js:2297
[ 1387626ms] [LOG] [Fast Refresh] done in 162ms @ http://localhost:3100/_next/static/chunks/e0865_next_dist_0e18cb42._.js:2297
[ 1387809ms] [LOG] [Fast Refresh] rebuilding @ http://localhost:3100/_next/static/chunks/e0865_next_dist_0e18cb42._.js:2297
[ 1388761ms] [LOG] [Fast Refresh] done in 1064ms @ http://localhost:3100/_next/static/chunks/e0865_next_dist_0e18cb42._.js:2297
[ 1388916ms] [LOG] [Fast Refresh] rebuilding @ http://localhost:3100/_next/static/chunks/e0865_next_dist_0e18cb42._.js:2297
[ 1389378ms] [LOG] [Fast Refresh] done in 566ms @ http://localhost:3100/_next/static/chunks/e0865_next_dist_0e18cb42._.js:2297
[ 1389519ms] [LOG] [Fast Refresh] rebuilding @ http://localhost:3100/_next/static/chunks/e0865_next_dist_0e18cb42._.js:2297
[ 1389531ms] [LOG] [Fast Refresh] done in 123ms @ http://localhost:3100/_next/static/chunks/e0865_next_dist_0e18cb42._.js:2297
[ 1389662ms] [LOG] [Fast Refresh] rebuilding @ http://localhost:3100/_next/static/chunks/e0865_next_dist_0e18cb42._.js:2297
[ 1389700ms] [LOG] [Fast Refresh] done in 152ms @ http://localhost:3100/_next/static/chunks/e0865_next_dist_0e18cb42._.js:2297
[ 1389816ms] [LOG] [Fast Refresh] rebuilding @ http://localhost:3100/_next/static/chunks/e0865_next_dist_0e18cb42._.js:2297
[ 1389852ms] [LOG] [Fast Refresh] done in 150ms @ http://localhost:3100/_next/static/chunks/e0865_next_dist_0e18cb42._.js:2297
[ 1389956ms] [LOG] [Fast Refresh] rebuilding @ http://localhost:3100/_next/static/chunks/e0865_next_dist_0e18cb42._.js:2297
[ 1390023ms] [LOG] [Fast Refresh] done in 170ms @ http://localhost:3100/_next/static/chunks/e0865_next_dist_0e18cb42._.js:2297
[ 1390158ms] [LOG] [Fast Refresh] rebuilding @ http://localhost:3100/_next/static/chunks/e0865_next_dist_0e18cb42._.js:2297
[ 1390167ms] [LOG] [Fast Refresh] done in 118ms @ http://localhost:3100/_next/static/chunks/e0865_next_dist_0e18cb42._.js:2297
[ 1390299ms] [LOG] [Fast Refresh] rebuilding @ http://localhost:3100/_next/static/chunks/e0865_next_dist_0e18cb42._.js:2297
[ 1390335ms] [LOG] [Fast Refresh] done in 138ms @ http://localhost:3100/_next/static/chunks/e0865_next_dist_0e18cb42._.js:2297
[ 1390438ms] [LOG] [Fast Refresh] rebuilding @ http://localhost:3100/_next/static/chunks/e0865_next_dist_0e18cb42._.js:2297
[ 1390473ms] [LOG] [Fast Refresh] done in 138ms @ http://localhost:3100/_next/static/chunks/e0865_next_dist_0e18cb42._.js:2297
[ 1390609ms] [LOG] [Fast Refresh] rebuilding @ http://localhost:3100/_next/static/chunks/e0865_next_dist_0e18cb42._.js:2297
[ 1390666ms] [LOG] [Fast Refresh] done in 159ms @ http://localhost:3100/_next/static/chunks/e0865_next_dist_0e18cb42._.js:2297
[ 1390783ms] [LOG] [Fast Refresh] rebuilding @ http://localhost:3100/_next/static/chunks/e0865_next_dist_0e18cb42._.js:2297
[ 1390794ms] [LOG] [Fast Refresh] done in 127ms @ http://localhost:3100/_next/static/chunks/e0865_next_dist_0e18cb42._.js:2297
[ 1390908ms] [LOG] [Fast Refresh] rebuilding @ http://localhost:3100/_next/static/chunks/e0865_next_dist_0e18cb42._.js:2297
[ 1390933ms] [LOG] [Fast Refresh] done in 138ms @ http://localhost:3100/_next/static/chunks/e0865_next_dist_0e18cb42._.js:2297
[ 1391096ms] [LOG] [Fast Refresh] rebuilding @ http://localhost:3100/_next/static/chunks/e0865_next_dist_0e18cb42._.js:2297
[ 1391134ms] [LOG] [Fast Refresh] done in 142ms @ http://localhost:3100/_next/static/chunks/e0865_next_dist_0e18cb42._.js:2297
[ 1391299ms] [LOG] [Fast Refresh] rebuilding @ http://localhost:3100/_next/static/chunks/e0865_next_dist_0e18cb42._.js:2297
[ 1391323ms] [LOG] [Fast Refresh] done in 136ms @ http://localhost:3100/_next/static/chunks/e0865_next_dist_0e18cb42._.js:2297
[ 1391454ms] [LOG] [Fast Refresh] rebuilding @ http://localhost:3100/_next/static/chunks/e0865_next_dist_0e18cb42._.js:2297
[ 1391534ms] [LOG] [Fast Refresh] done in 187ms @ http://localhost:3100/_next/static/chunks/e0865_next_dist_0e18cb42._.js:2297
[ 1391875ms] [LOG] [Fast Refresh] rebuilding @ http://localhost:3100/_next/static/chunks/e0865_next_dist_0e18cb42._.js:2297
[ 1391927ms] [LOG] [Fast Refresh] done in 165ms @ http://localhost:3100/_next/static/chunks/e0865_next_dist_0e18cb42._.js:2297
[ 1392064ms] [LOG] [Fast Refresh] rebuilding @ http://localhost:3100/_next/static/chunks/e0865_next_dist_0e18cb42._.js:2297
[ 1392237ms] [LOG] [Fast Refresh] done in 285ms @ http://localhost:3100/_next/static/chunks/e0865_next_dist_0e18cb42._.js:2297
[ 1392372ms] [LOG] [Fast Refresh] rebuilding @ http://localhost:3100/_next/static/chunks/e0865_next_dist_0e18cb42._.js:2297
[ 1392418ms] [LOG] [Fast Refresh] done in 154ms @ http://localhost:3100/_next/static/chunks/e0865_next_dist_0e18cb42._.js:2297
[ 1392561ms] [LOG] [Fast Refresh] rebuilding @ http://localhost:3100/_next/static/chunks/e0865_next_dist_0e18cb42._.js:2297
[ 1392581ms] [LOG] [Fast Refresh] done in 130ms @ http://localhost:3100/_next/static/chunks/e0865_next_dist_0e18cb42._.js:2297
[ 1392700ms] [LOG] [Fast Refresh] rebuilding @ http://localhost:3100/_next/static/chunks/e0865_next_dist_0e18cb42._.js:2297
[ 1392727ms] [LOG] [Fast Refresh] done in 142ms @ http://localhost:3100/_next/static/chunks/e0865_next_dist_0e18cb42._.js:2297
[ 1392837ms] [LOG] [Fast Refresh] rebuilding @ http://localhost:3100/_next/static/chunks/e0865_next_dist_0e18cb42._.js:2297
[ 1392874ms] [LOG] [Fast Refresh] done in 145ms @ http://localhost:3100/_next/static/chunks/e0865_next_dist_0e18cb42._.js:2297
[ 1393009ms] [LOG] [Fast Refresh] rebuilding @ http://localhost:3100/_next/static/chunks/e0865_next_dist_0e18cb42._.js:2297
[ 1393032ms] [LOG] [Fast Refresh] done in 128ms @ http://localhost:3100/_next/static/chunks/e0865_next_dist_0e18cb42._.js:2297
[ 1393136ms] [LOG] [Fast Refresh] rebuilding @ http://localhost:3100/_next/static/chunks/e0865_next_dist_0e18cb42._.js:2297
[ 1393168ms] [LOG] [Fast Refresh] done in 132ms @ http://localhost:3100/_next/static/chunks/e0865_next_dist_0e18cb42._.js:2297
[ 1393569ms] [LOG] [Fast Refresh] rebuilding @ http://localhost:3100/_next/static/chunks/e0865_next_dist_0e18cb42._.js:2297
[ 1393575ms] [LOG] [Fast Refresh] done in 116ms @ http://localhost:3100/_next/static/chunks/e0865_next_dist_0e18cb42._.js:2297
[ 1393709ms] [LOG] [Fast Refresh] rebuilding @ http://localhost:3100/_next/static/chunks/e0865_next_dist_0e18cb42._.js:2297
[ 1393726ms] [LOG] [Fast Refresh] done in 118ms @ http://localhost:3100/_next/static/chunks/e0865_next_dist_0e18cb42._.js:2297
[ 1393850ms] [LOG] [Fast Refresh] rebuilding @ http://localhost:3100/_next/static/chunks/e0865_next_dist_0e18cb42._.js:2297
[ 1393893ms] [LOG] [Fast Refresh] done in 153ms @ http://localhost:3100/_next/static/chunks/e0865_next_dist_0e18cb42._.js:2297
[ 1404278ms] [LOG] [Fast Refresh] rebuilding @ http://localhost:3100/_next/static/chunks/e0865_next_dist_0e18cb42._.js:2297
[ 1408430ms] [LOG] [Fast Refresh] done in 4267ms @ http://localhost:3100/_next/static/chunks/e0865_next_dist_0e18cb42._.js:2297
[ 1408560ms] [LOG] [Fast Refresh] rebuilding @ http://localhost:3100/_next/static/chunks/e0865_next_dist_0e18cb42._.js:2297
[ 1409222ms] [LOG] [Fast Refresh] done in 766ms @ http://localhost:3100/_next/static/chunks/e0865_next_dist_0e18cb42._.js:2297
[ 1435984ms] [LOG] [Fast Refresh] rebuilding @ http://localhost:3100/_next/static/chunks/e0865_next_dist_0e18cb42._.js:2297
[ 1436615ms] [LOG] [Fast Refresh] done in 743ms @ http://localhost:3100/_next/static/chunks/e0865_next_dist_0e18cb42._.js:2297
[ 1437550ms] [LOG] [Fast Refresh] rebuilding @ http://localhost:3100/_next/static/chunks/e0865_next_dist_0e18cb42._.js:2297
[ 1438618ms] [LOG] [Fast Refresh] done in 1175ms @ http://localhost:3100/_next/static/chunks/e0865_next_dist_0e18cb42._.js:2297
[ 1440870ms] [LOG] [Fast Refresh] rebuilding @ http://localhost:3100/_next/static/chunks/e0865_next_dist_0e18cb42._.js:2297
[ 1442074ms] [LOG] [Fast Refresh] done in 1314ms @ http://localhost:3100/_next/static/chunks/e0865_next_dist_0e18cb42._.js:2297
[ 1515635ms] [LOG] [Fast Refresh] rebuilding @ http://localhost:3100/_next/static/chunks/e0865_next_dist_0e18cb42._.js:2297
[ 1522260ms] [LOG] [Fast Refresh] done in 6725ms @ http://localhost:3100/_next/static/chunks/e0865_next_dist_0e18cb42._.js:2297
[ 1522535ms] [LOG] [Fast Refresh] rebuilding @ http://localhost:3100/_next/static/chunks/e0865_next_dist_0e18cb42._.js:2297
[ 1523304ms] [LOG] [Fast Refresh] done in 870ms @ http://localhost:3100/_next/static/chunks/e0865_next_dist_0e18cb42._.js:2297
[ 1523525ms] [LOG] [Fast Refresh] rebuilding @ http://localhost:3100/_next/static/chunks/e0865_next_dist_0e18cb42._.js:2297
[ 1526059ms] [LOG] [Fast Refresh] done in 2639ms @ http://localhost:3100/_next/static/chunks/e0865_next_dist_0e18cb42._.js:2297
[ 1526166ms] [LOG] [Fast Refresh] rebuilding @ http://localhost:3100/_next/static/chunks/e0865_next_dist_0e18cb42._.js:2297
[ 1527844ms] [LOG] [Fast Refresh] done in 1783ms @ http://localhost:3100/_next/static/chunks/e0865_next_dist_0e18cb42._.js:2297
[ 1532300ms] [INFO] %cDownload the React DevTools for a better development experience: https://react.dev/link/react-devtools font-weight:bold @ http://localhost:3100/_next/static/chunks/e0865_next_dist_0e18cb42._.js:2297
[ 1532653ms] [LOG] [HMR] connected @ http://localhost:3100/_next/static/chunks/e0865_next_dist_0e18cb42._.js:2297
[ 1532883ms] [LOG] [Fast Refresh] rebuilding @ http://localhost:3100/_next/static/chunks/e0865_next_dist_0e18cb42._.js:2297
[ 1533212ms] [LOG] [Fast Refresh] done in 450ms @ http://localhost:3100/_next/static/chunks/e0865_next_dist_0e18cb42._.js:2297
[ 1536401ms] [LOG] [Fast Refresh] rebuilding @ http://localhost:3100/_next/static/chunks/e0865_next_dist_0e18cb42._.js:2297
[ 1536654ms] [LOG] [Fast Refresh] done in 354ms @ http://localhost:3100/_next/static/chunks/e0865_next_dist_0e18cb42._.js:2297
[ 1545232ms] [LOG] [Fast Refresh] rebuilding @ http://localhost:3100/_next/static/chunks/e0865_next_dist_0e18cb42._.js:2297
[ 1546034ms] [LOG] [Fast Refresh] done in 917ms @ http://localhost:3100/_next/static/chunks/e0865_next_dist_0e18cb42._.js:2297
[ 1587183ms] [LOG] [Fast Refresh] rebuilding @ http://localhost:3100/_next/static/chunks/e0865_next_dist_0e18cb42._.js:2297
[ 1588907ms] [LOG] [Fast Refresh] done in 1797ms @ http://localhost:3100/_next/static/chunks/e0865_next_dist_0e18cb42._.js:2297
[ 1589486ms] [LOG] [Fast Refresh] rebuilding @ http://localhost:3100/_next/static/chunks/e0865_next_dist_0e18cb42._.js:2297
[ 1590339ms] [INFO] %cDownload the React DevTools for a better development experience: https://react.dev/link/react-devtools font-weight:bold @ http://localhost:3100/_next/static/chunks/e0865_next_dist_0e18cb42._.js:2297
[ 1590433ms] [LOG] [HMR] connected @ http://localhost:3100/_next/static/chunks/e0865_next_dist_0e18cb42._.js:2297
[ 1594684ms] [LOG] [Fast Refresh] rebuilding @ http://localhost:3100/_next/static/chunks/e0865_next_dist_0e18cb42._.js:2297
[ 1595492ms] [LOG] [Fast Refresh] done in 919ms @ http://localhost:3100/_next/static/chunks/e0865_next_dist_0e18cb42._.js:2297
[ 1595941ms] [INFO] %cDownload the React DevTools for a better development experience: https://react.dev/link/react-devtools font-weight:bold @ http://localhost:3100/_next/static/chunks/e0865_next_dist_0e18cb42._.js:2297
[ 1596079ms] [LOG] [HMR] connected @ http://localhost:3100/_next/static/chunks/e0865_next_dist_0e18cb42._.js:2297
[ 1604556ms] [LOG] [Fast Refresh] rebuilding @ http://localhost:3100/_next/static/chunks/e0865_next_dist_0e18cb42._.js:2297
[ 1608994ms] [LOG] [Fast Refresh] done in 4549ms @ http://localhost:3100/_next/static/chunks/e0865_next_dist_0e18cb42._.js:2297
[ 1609219ms] [INFO] %cDownload the React DevTools for a better development experience: https://react.dev/link/react-devtools font-weight:bold @ http://localhost:3100/_next/static/chunks/e0865_next_dist_0e18cb42._.js:2297
[ 1609256ms] [LOG] [HMR] connected @ http://localhost:3100/_next/static/chunks/e0865_next_dist_0e18cb42._.js:2297
[ 1609453ms] [LOG] [Fast Refresh] rebuilding @ http://localhost:3100/_next/static/chunks/e0865_next_dist_0e18cb42._.js:2297
[ 1609673ms] [LOG] [Fast Refresh] done in 328ms @ http://localhost:3100/_next/static/chunks/e0865_next_dist_0e18cb42._.js:2297
[ 1614617ms] [LOG] [Fast Refresh] rebuilding @ http://localhost:3100/_next/static/chunks/e0865_next_dist_0e18cb42._.js:2297
[ 1617506ms] [LOG] [Fast Refresh] done in 2990ms @ http://localhost:3100/_next/static/chunks/e0865_next_dist_0e18cb42._.js:2297
[ 1617734ms] [INFO] %cDownload the React DevTools for a better development experience: https://react.dev/link/react-devtools font-weight:bold @ http://localhost:3100/_next/static/chunks/e0865_next_dist_0e18cb42._.js:2297
[ 1617807ms] [LOG] [HMR] connected @ http://localhost:3100/_next/static/chunks/e0865_next_dist_0e18cb42._.js:2297
[ 1617959ms] [LOG] [Fast Refresh] rebuilding @ http://localhost:3100/_next/static/chunks/e0865_next_dist_0e18cb42._.js:2297
[ 1618043ms] [LOG] [Fast Refresh] done in 200ms @ http://localhost:3100/_next/static/chunks/e0865_next_dist_0e18cb42._.js:2297
[ 1622974ms] [LOG] [Fast Refresh] rebuilding @ http://localhost:3100/_next/static/chunks/e0865_next_dist_0e18cb42._.js:2297
[ 1625062ms] [LOG] [Fast Refresh] done in 2197ms @ http://localhost:3100/_next/static/chunks/e0865_next_dist_0e18cb42._.js:2297
[ 1625290ms] [INFO] %cDownload the React DevTools for a better development experience: https://react.dev/link/react-devtools font-weight:bold @ http://localhost:3100/_next/static/chunks/e0865_next_dist_0e18cb42._.js:2297
[ 1625369ms] [LOG] [HMR] connected @ http://localhost:3100/_next/static/chunks/e0865_next_dist_0e18cb42._.js:2297
[ 1630468ms] [LOG] [Fast Refresh] rebuilding @ http://localhost:3100/_next/static/chunks/e0865_next_dist_0e18cb42._.js:2297
[ 1632366ms] [LOG] [Fast Refresh] done in 2009ms @ http://localhost:3100/_next/static/chunks/e0865_next_dist_0e18cb42._.js:2297
[ 1632782ms] [INFO] %cDownload the React DevTools for a better development experience: https://react.dev/link/react-devtools font-weight:bold @ http://localhost:3100/_next/static/chunks/e0865_next_dist_0e18cb42._.js:2297
[ 1632959ms] [LOG] [HMR] connected @ http://localhost:3100/_next/static/chunks/e0865_next_dist_0e18cb42._.js:2297
[ 1633342ms] [LOG] [Fast Refresh] rebuilding @ http://localhost:3100/_next/static/chunks/e0865_next_dist_0e18cb42._.js:2297
[ 1634204ms] [LOG] [Fast Refresh] done in 1003ms @ http://localhost:3100/_next/static/chunks/e0865_next_dist_0e18cb42._.js:2297
[ 1636506ms] [LOG] [Fast Refresh] rebuilding @ http://localhost:3100/_next/static/chunks/e0865_next_dist_0e18cb42._.js:2297
[ 1637074ms] [LOG] [Fast Refresh] done in 668ms @ http://localhost:3100/_next/static/chunks/e0865_next_dist_0e18cb42._.js:2297
[ 1637450ms] [INFO] %cDownload the React DevTools for a better development experience: https://react.dev/link/react-devtools font-weight:bold @ http://localhost:3100/_next/static/chunks/e0865_next_dist_0e18cb42._.js:2297
[ 1637544ms] [LOG] [HMR] connected @ http://localhost:3100/_next/static/chunks/e0865_next_dist_0e18cb42._.js:2297
[ 1646481ms] [LOG] [Fast Refresh] rebuilding @ http://localhost:3100/_next/static/chunks/e0865_next_dist_0e18cb42._.js:2297
[ 1647255ms] [LOG] [Fast Refresh] done in 876ms @ http://localhost:3100/_next/static/chunks/e0865_next_dist_0e18cb42._.js:2297
[ 1647498ms] [INFO] %cDownload the React DevTools for a better development experience: https://react.dev/link/react-devtools font-weight:bold @ http://localhost:3100/_next/static/chunks/e0865_next_dist_0e18cb42._.js:2297
[ 1647558ms] [LOG] [HMR] connected @ http://localhost:3100/_next/static/chunks/e0865_next_dist_0e18cb42._.js:2297
[ 1651918ms] [LOG] [Fast Refresh] rebuilding @ http://localhost:3100/_next/static/chunks/e0865_next_dist_0e18cb42._.js:2297
[ 1652585ms] [LOG] [Fast Refresh] done in 772ms @ http://localhost:3100/_next/static/chunks/e0865_next_dist_0e18cb42._.js:2297
[ 1652769ms] [INFO] %cDownload the React DevTools for a better development experience: https://react.dev/link/react-devtools font-weight:bold @ http://localhost:3100/_next/static/chunks/e0865_next_dist_0e18cb42._.js:2297
[ 1652837ms] [LOG] [HMR] connected @ http://localhost:3100/_next/static/chunks/e0865_next_dist_0e18cb42._.js:2297
[ 1656930ms] [LOG] [Fast Refresh] rebuilding @ http://localhost:3100/_next/static/chunks/e0865_next_dist_0e18cb42._.js:2297
[ 1658064ms] [INFO] %cDownload the React DevTools for a better development experience: https://react.dev/link/react-devtools font-weight:bold @ http://localhost:3100/_next/static/chunks/e0865_next_dist_0e18cb42._.js:2297
[ 1658140ms] [LOG] [HMR] connected @ http://localhost:3100/_next/static/chunks/e0865_next_dist_0e18cb42._.js:2297
[ 1663214ms] [LOG] [Fast Refresh] rebuilding @ http://localhost:3100/_next/static/chunks/e0865_next_dist_0e18cb42._.js:2297
[ 1663528ms] [LOG] [Fast Refresh] done in 429ms @ http://localhost:3100/_next/static/chunks/e0865_next_dist_0e18cb42._.js:2297
[ 1663804ms] [INFO] %cDownload the React DevTools for a better development experience: https://react.dev/link/react-devtools font-weight:bold @ http://localhost:3100/_next/static/chunks/e0865_next_dist_0e18cb42._.js:2297
[ 1663949ms] [LOG] [HMR] connected @ http://localhost:3100/_next/static/chunks/e0865_next_dist_0e18cb42._.js:2297
[ 1664900ms] [LOG] [Fast Refresh] rebuilding @ http://localhost:3100/_next/static/chunks/e0865_next_dist_0e18cb42._.js:2297
[ 1665182ms] [LOG] [Fast Refresh] done in 385ms @ http://localhost:3100/_next/static/chunks/e0865_next_dist_0e18cb42._.js:2297
[ 1665432ms] [INFO] %cDownload the React DevTools for a better development experience: https://react.dev/link/react-devtools font-weight:bold @ http://localhost:3100/_next/static/chunks/e0865_next_dist_0e18cb42._.js:2297
[ 1665488ms] [LOG] [HMR] connected @ http://localhost:3100/_next/static/chunks/e0865_next_dist_0e18cb42._.js:2297
[ 1670966ms] [LOG] [Fast Refresh] rebuilding @ http://localhost:3100/_next/static/chunks/e0865_next_dist_0e18cb42._.js:2297
[ 1671291ms] [LOG] [Fast Refresh] done in 428ms @ http://localhost:3100/_next/static/chunks/e0865_next_dist_0e18cb42._.js:2297
[ 1671520ms] [INFO] %cDownload the React DevTools for a better development experience: https://react.dev/link/react-devtools font-weight:bold @ http://localhost:3100/_next/static/chunks/e0865_next_dist_0e18cb42._.js:2297
[ 1671572ms] [LOG] [HMR] connected @ http://localhost:3100/_next/static/chunks/e0865_next_dist_0e18cb42._.js:2297
[ 1673804ms] [LOG] [Fast Refresh] rebuilding @ http://localhost:3100/_next/static/chunks/e0865_next_dist_0e18cb42._.js:2297
[ 1674120ms] [LOG] [Fast Refresh] done in 421ms @ http://localhost:3100/_next/static/chunks/e0865_next_dist_0e18cb42._.js:2297
[ 1675075ms] [INFO] %cDownload the React DevTools for a better development experience: https://react.dev/link/react-devtools font-weight:bold @ http://localhost:3100/_next/static/chunks/e0865_next_dist_0e18cb42._.js:2297
[ 1675115ms] [LOG] [HMR] connected @ http://localhost:3100/_next/static/chunks/e0865_next_dist_0e18cb42._.js:2297
[ 1676875ms] [LOG] [Fast Refresh] rebuilding @ http://localhost:3100/_next/static/chunks/e0865_next_dist_0e18cb42._.js:2297
[ 1677210ms] [LOG] [Fast Refresh] done in 437ms @ http://localhost:3100/_next/static/chunks/e0865_next_dist_0e18cb42._.js:2297
[ 1677437ms] [INFO] %cDownload the React DevTools for a better development experience: https://react.dev/link/react-devtools font-weight:bold @ http://localhost:3100/_next/static/chunks/e0865_next_dist_0e18cb42._.js:2297
[ 1677499ms] [LOG] [HMR] connected @ http://localhost:3100/_next/static/chunks/e0865_next_dist_0e18cb42._.js:2297
[ 1678502ms] [LOG] [Fast Refresh] rebuilding @ http://localhost:3100/_next/static/chunks/e0865_next_dist_0e18cb42._.js:2297
[ 1678874ms] [LOG] [Fast Refresh] done in 487ms @ http://localhost:3100/_next/static/chunks/e0865_next_dist_0e18cb42._.js:2297
[ 1679056ms] [INFO] %cDownload the React DevTools for a better development experience: https://react.dev/link/react-devtools font-weight:bold @ http://localhost:3100/_next/static/chunks/e0865_next_dist_0e18cb42._.js:2297
[ 1679162ms] [LOG] [HMR] connected @ http://localhost:3100/_next/static/chunks/e0865_next_dist_0e18cb42._.js:2297
[ 1680362ms] [LOG] [Fast Refresh] rebuilding @ http://localhost:3100/_next/static/chunks/e0865_next_dist_0e18cb42._.js:2297
[ 1680557ms] [LOG] [Fast Refresh] done in 310ms @ http://localhost:3100/_next/static/chunks/e0865_next_dist_0e18cb42._.js:2297
[ 1680710ms] [INFO] %cDownload the React DevTools for a better development experience: https://react.dev/link/react-devtools font-weight:bold @ http://localhost:3100/_next/static/chunks/e0865_next_dist_0e18cb42._.js:2297
[ 1680780ms] [LOG] [HMR] connected @ http://localhost:3100/_next/static/chunks/e0865_next_dist_0e18cb42._.js:2297
[ 1684898ms] [LOG] [Fast Refresh] rebuilding @ http://localhost:3100/_next/static/chunks/e0865_next_dist_0e18cb42._.js:2297
[ 1685037ms] [LOG] [Fast Refresh] done in 241ms @ http://localhost:3100/_next/static/chunks/e0865_next_dist_0e18cb42._.js:2297
[ 1685228ms] [INFO] %cDownload the React DevTools for a better development experience: https://react.dev/link/react-devtools font-weight:bold @ http://localhost:3100/_next/static/chunks/e0865_next_dist_0e18cb42._.js:2297
[ 1685284ms] [LOG] [HMR] connected @ http://localhost:3100/_next/static/chunks/e0865_next_dist_0e18cb42._.js:2297
[ 1689433ms] [LOG] [Fast Refresh] rebuilding @ http://localhost:3100/_next/static/chunks/e0865_next_dist_0e18cb42._.js:2297
[ 1689763ms] [LOG] [Fast Refresh] done in 430ms @ http://localhost:3100/_next/static/chunks/e0865_next_dist_0e18cb42._.js:2297
[ 1690079ms] [INFO] %cDownload the React DevTools for a better development experience: https://react.dev/link/react-devtools font-weight:bold @ http://localhost:3100/_next/static/chunks/e0865_next_dist_0e18cb42._.js:2297
[ 1690169ms] [LOG] [HMR] connected @ http://localhost:3100/_next/static/chunks/e0865_next_dist_0e18cb42._.js:2297
[ 1695706ms] [LOG] [Fast Refresh] rebuilding @ http://localhost:3100/_next/static/chunks/e0865_next_dist_0e18cb42._.js:2297
[ 1695722ms] [LOG] [Fast Refresh] done in 126ms @ http://localhost:3100/_next/static/chunks/e0865_next_dist_0e18cb42._.js:2297
[ 1696209ms] [LOG] [Fast Refresh] rebuilding @ http://localhost:3100/_next/static/chunks/e0865_next_dist_0e18cb42._.js:2297
[ 1696487ms] [LOG] [Fast Refresh] done in 384ms @ http://localhost:3100/_next/static/chunks/e0865_next_dist_0e18cb42._.js:2297
[ 1696656ms] [INFO] %cDownload the React DevTools for a better development experience: https://react.dev/link/react-devtools font-weight:bold @ http://localhost:3100/_next/static/chunks/e0865_next_dist_0e18cb42._.js:2297
[ 1696728ms] [LOG] [HMR] connected @ http://localhost:3100/_next/static/chunks/e0865_next_dist_0e18cb42._.js:2297
[ 1733474ms] [LOG] [Fast Refresh] rebuilding @ http://localhost:3100/_next/static/chunks/e0865_next_dist_0e18cb42._.js:2297
[ 1733692ms] [LOG] [Fast Refresh] done in 332ms @ http://localhost:3100/_next/static/chunks/e0865_next_dist_0e18cb42._.js:2297
[ 1733921ms] [INFO] %cDownload the React DevTools for a better development experience: https://react.dev/link/react-devtools font-weight:bold @ http://localhost:3100/_next/static/chunks/e0865_next_dist_0e18cb42._.js:2297
[ 1733977ms] [LOG] [HMR] connected @ http://localhost:3100/_next/static/chunks/e0865_next_dist_0e18cb42._.js:2297
[ 1746379ms] [LOG] [Fast Refresh] rebuilding @ http://localhost:3100/_next/static/chunks/e0865_next_dist_0e18cb42._.js:2297
[ 1746576ms] [LOG] [Fast Refresh] done in 304ms @ http://localhost:3100/_next/static/chunks/e0865_next_dist_0e18cb42._.js:2297
[ 1746758ms] [INFO] %cDownload the React DevTools for a better development experience: https://react.dev/link/react-devtools font-weight:bold @ http://localhost:3100/_next/static/chunks/e0865_next_dist_0e18cb42._.js:2297
[ 1746813ms] [LOG] [HMR] connected @ http://localhost:3100/_next/static/chunks/e0865_next_dist_0e18cb42._.js:2297
[ 1750870ms] [LOG] [Fast Refresh] rebuilding @ http://localhost:3100/_next/static/chunks/e0865_next_dist_0e18cb42._.js:2297
[ 1751124ms] [LOG] [Fast Refresh] done in 357ms @ http://localhost:3100/_next/static/chunks/e0865_next_dist_0e18cb42._.js:2297
[ 2191857ms] [LOG] [Fast Refresh] rebuilding @ http://localhost:3100/_next/static/chunks/e0865_next_dist_0e18cb42._.js:2297
[ 2192597ms] [LOG] [Fast Refresh] done in 849ms @ http://localhost:3100/_next/static/chunks/e0865_next_dist_0e18cb42._.js:2297
[ 2195887ms] [LOG] [Fast Refresh] rebuilding @ http://localhost:3100/_next/static/chunks/e0865_next_dist_0e18cb42._.js:2297
[ 2195940ms] [LOG] [Fast Refresh] done in 153ms @ http://localhost:3100/_next/static/chunks/e0865_next_dist_0e18cb42._.js:2297
[ 2209074ms] [LOG] [Fast Refresh] rebuilding @ http://localhost:3100/_next/static/chunks/e0865_next_dist_0e18cb42._.js:2297
[ 2209558ms] [LOG] [Fast Refresh] done in 585ms @ http://localhost:3100/_next/static/chunks/e0865_next_dist_0e18cb42._.js:2297
[ 2229262ms] [LOG] [Fast Refresh] rebuilding @ http://localhost:3100/_next/static/chunks/e0865_next_dist_0e18cb42._.js:2297
[ 2229294ms] [LOG] [Fast Refresh] done in 135ms @ http://localhost:3100/_next/static/chunks/e0865_next_dist_0e18cb42._.js:2297
[ 2234522ms] [LOG] [Fast Refresh] rebuilding @ http://localhost:3100/_next/static/chunks/e0865_next_dist_0e18cb42._.js:2297
[ 2234640ms] [LOG] [Fast Refresh] done in 233ms @ http://localhost:3100/_next/static/chunks/e0865_next_dist_0e18cb42._.js:2297
[ 2248898ms] [LOG] [Fast Refresh] rebuilding @ http://localhost:3100/_next/static/chunks/e0865_next_dist_0e18cb42._.js:2297
[ 2248992ms] [LOG] [Fast Refresh] done in 210ms @ http://localhost:3100/_next/static/chunks/e0865_next_dist_0e18cb42._.js:2297
[ 2253799ms] [LOG] [Fast Refresh] rebuilding @ http://localhost:3100/_next/static/chunks/e0865_next_dist_0e18cb42._.js:2297
[ 2253802ms] [LOG] [Fast Refresh] done in 108ms @ http://localhost:3100/_next/static/chunks/e0865_next_dist_0e18cb42._.js:2297
[ 2280813ms] [LOG] [Fast Refresh] rebuilding @ http://localhost:3100/_next/static/chunks/e0865_next_dist_0e18cb42._.js:2297
[ 2280907ms] [LOG] [Fast Refresh] done in 204ms @ http://localhost:3100/_next/static/chunks/e0865_next_dist_0e18cb42._.js:2297
[ 2298564ms] [LOG] [Fast Refresh] rebuilding @ http://localhost:3100/_next/static/chunks/e0865_next_dist_0e18cb42._.js:2297
[ 2298628ms] [LOG] [Fast Refresh] done in 177ms @ http://localhost:3100/_next/static/chunks/e0865_next_dist_0e18cb42._.js:2297
[ 2300309ms] [LOG] [Fast Refresh] rebuilding @ http://localhost:3100/_next/static/chunks/e0865_next_dist_0e18cb42._.js:2297
[ 2300407ms] [LOG] [Fast Refresh] done in 208ms @ http://localhost:3100/_next/static/chunks/e0865_next_dist_0e18cb42._.js:2297
[ 2331887ms] [LOG] [Fast Refresh] rebuilding @ http://localhost:3100/_next/static/chunks/e0865_next_dist_0e18cb42._.js:2297
[ 2332321ms] [LOG] [Fast Refresh] done in 548ms @ http://localhost:3100/_next/static/chunks/e0865_next_dist_0e18cb42._.js:2297
[ 2333261ms] [LOG] [Fast Refresh] rebuilding @ http://localhost:3100/_next/static/chunks/e0865_next_dist_0e18cb42._.js:2297
[ 2333283ms] [LOG] [Fast Refresh] done in 133ms @ http://localhost:3100/_next/static/chunks/e0865_next_dist_0e18cb42._.js:2297
[ 2445823ms] [LOG] [Fast Refresh] rebuilding @ http://localhost:3100/_next/static/chunks/e0865_next_dist_0e18cb42._.js:2297
[ 2446189ms] [LOG] [Fast Refresh] done in 476ms @ http://localhost:3100/_next/static/chunks/e0865_next_dist_0e18cb42._.js:2297
[ 2450299ms] [LOG] [Fast Refresh] rebuilding @ http://localhost:3100/_next/static/chunks/e0865_next_dist_0e18cb42._.js:2297
[ 2452623ms] [LOG] [Fast Refresh] done in 2440ms @ http://localhost:3100/_next/static/chunks/e0865_next_dist_0e18cb42._.js:2297
[ 2456612ms] [LOG] [Fast Refresh] rebuilding @ http://localhost:3100/_next/static/chunks/e0865_next_dist_0e18cb42._.js:2297
[ 2458034ms] [LOG] [Fast Refresh] done in 1532ms @ http://localhost:3100/_next/static/chunks/e0865_next_dist_0e18cb42._.js:2297
[ 3021788ms] [LOG] [Fast Refresh] rebuilding @ http://localhost:3100/_next/static/chunks/e0865_next_dist_0e18cb42._.js:2297
[ 3022489ms] [LOG] [Fast Refresh] done in 804ms @ http://localhost:3100/_next/static/chunks/e0865_next_dist_0e18cb42._.js:2297
[ 3022775ms] [INFO] %cDownload the React DevTools for a better development experience: https://react.dev/link/react-devtools font-weight:bold @ http://localhost:3100/_next/static/chunks/e0865_next_dist_0e18cb42._.js:2297
[ 3022925ms] [LOG] [HMR] connected @ http://localhost:3100/_next/static/chunks/e0865_next_dist_0e18cb42._.js:2297
