[    2774ms] [INFO] %cDownload the React DevTools for a better development experience: https://react.dev/link/react-devtools font-weight:bold @ http://localhost:3000/_next/static/chunks/e0865_next_dist_0e18cb42._.js:2297
[    3132ms] [LOG] [HMR] connected @ http://localhost:3000/_next/static/chunks/e0865_next_dist_0e18cb42._.js:2297
[    8523ms] [LOG] [Fast Refresh] rebuilding @ http://localhost:3000/_next/static/chunks/e0865_next_dist_0e18cb42._.js:2297
[    8680ms] [LOG] [Fast Refresh] done in 262ms @ http://localhost:3000/_next/static/chunks/e0865_next_dist_0e18cb42._.js:2297
[  120326ms] [LOG] [Fast Refresh] rebuilding @ http://localhost:3000/_next/static/chunks/e0865_next_dist_0e18cb42._.js:2297
[  120470ms] [LOG] [Fast Refresh] done in 248ms @ http://localhost:3000/_next/static/chunks/e0865_next_dist_0e18cb42._.js:2297
[  129657ms] [LOG] [Fast Refresh] rebuilding @ http://localhost:3000/_next/static/chunks/e0865_next_dist_0e18cb42._.js:2297
[  129783ms] [LOG] [Fast Refresh] done in 232ms @ http://localhost:3000/_next/static/chunks/e0865_next_dist_0e18cb42._.js:2297
[  210980ms] [LOG] [Fast Refresh] rebuilding @ http://localhost:3000/_next/static/chunks/e0865_next_dist_0e18cb42._.js:2297
[  211136ms] [LOG] [Fast Refresh] done in 264ms @ http://localhost:3000/_next/static/chunks/e0865_next_dist_0e18cb42._.js:2297
[  334315ms] [LOG] [Fast Refresh] rebuilding @ http://localhost:3000/_next/static/chunks/e0865_next_dist_0e18cb42._.js:2297
[  334557ms] [LOG] [Fast Refresh] done in 243ms @ http://localhost:3000/_next/static/chunks/e0865_next_dist_0e18cb42._.js:2297
[  334883ms] [LOG] [Fast Refresh] rebuilding @ http://localhost:3000/_next/static/chunks/e0865_next_dist_0e18cb42._.js:2297
[  335133ms] [LOG] [Fast Refresh] done in 354ms @ http://localhost:3000/_next/static/chunks/e0865_next_dist_0e18cb42._.js:2297
[  373840ms] [LOG] [Fast Refresh] rebuilding @ http://localhost:3000/_next/static/chunks/e0865_next_dist_0e18cb42._.js:2297
[  374003ms] [LOG] [Fast Refresh] done in 200ms @ http://localhost:3000/_next/static/chunks/e0865_next_dist_0e18cb42._.js:2297
[  374107ms] [LOG] [Fast Refresh] rebuilding @ http://localhost:3000/_next/static/chunks/e0865_next_dist_0e18cb42._.js:2297
[  374282ms] [LOG] [Fast Refresh] done in 275ms @ http://localhost:3000/_next/static/chunks/e0865_next_dist_0e18cb42._.js:2297
[  410092ms] [LOG] [Fast Refresh] rebuilding @ http://localhost:3000/_next/static/chunks/e0865_next_dist_0e18cb42._.js:2297
[  410192ms] [LOG] [Fast Refresh] done in 205ms @ http://localhost:3000/_next/static/chunks/e0865_next_dist_0e18cb42._.js:2297
[  412113ms] [LOG] [Fast Refresh] rebuilding @ http://localhost:3000/_next/static/chunks/e0865_next_dist_0e18cb42._.js:2297
[  412126ms] [LOG] [Fast Refresh] done in 117ms @ http://localhost:3000/_next/static/chunks/e0865_next_dist_0e18cb42._.js:2297
[  465423ms] [INFO] %cDownload the React DevTools for a better development experience: https://react.dev/link/react-devtools font-weight:bold @ http://localhost:3000/_next/static/chunks/e0865_next_dist_0e18cb42._.js:2297
[  465741ms] [LOG] [HMR] connected @ http://localhost:3000/_next/static/chunks/e0865_next_dist_0e18cb42._.js:2297
[  468910ms] [LOG] [Fast Refresh] rebuilding @ http://localhost:3000/_next/static/chunks/e0865_next_dist_0e18cb42._.js:2297
[  469082ms] [LOG] [Fast Refresh] done in 279ms @ http://localhost:3000/_next/static/chunks/e0865_next_dist_0e18cb42._.js:2297
