[    2344ms] [INFO] %cDownload the React DevTools for a better development experience: https://react.dev/link/react-devtools font-weight:bold @ http://localhost:3000/_next/static/chunks/f6579_next_dist_584f8a2a._.js:2297
[    2414ms] [LOG] [HMR] connected @ http://localhost:3000/_next/static/chunks/f6579_next_dist_584f8a2a._.js:2297
[    3313ms] [WARNING] Image with src "https://shop.laifappe.com/products/897027558956-green-nitrile-flocked-gloves-v2/gallery/06-size-10.webp" has "fill" but is missing "sizes" prop. Please add it to improve page performance. Read more: https://nextjs.org/docs/api-reference/next/image#sizes @ http://localhost:3000/_next/static/chunks/f6579_next_dist_584f8a2a._.js:2297
[    3313ms] [WARNING] Image with src "https://shop.laifappe.com/products/897027558956-green-nitrile-flocked-gloves-v2/gallery/05-size-8.webp" has "fill" but is missing "sizes" prop. Please add it to improve page performance. Read more: https://nextjs.org/docs/api-reference/next/image#sizes @ http://localhost:3000/_next/static/chunks/f6579_next_dist_584f8a2a._.js:2297
[    3321ms] [WARNING] Image with src "https://shop.laifappe.com/products/897027558956-green-nitrile-flocked-gloves-v2/gallery/04-size-7.webp" has "fill" but is missing "sizes" prop. Please add it to improve page performance. Read more: https://nextjs.org/docs/api-reference/next/image#sizes @ http://localhost:3000/_next/static/chunks/f6579_next_dist_584f8a2a._.js:2297
[    3486ms] [WARNING] Image with src "https://shop.laifappe.com/products/897027558956-green-nitrile-flocked-gloves-v2/gallery/02-raised-diamond-grip.webp" has "fill" but is missing "sizes" prop. Please add it to improve page performance. Read more: https://nextjs.org/docs/api-reference/next/image#sizes @ http://localhost:3000/_next/static/chunks/f6579_next_dist_584f8a2a._.js:2297
[    3519ms] [WARNING] Image with src "https://shop.laifappe.com/products/897027558956-green-nitrile-flocked-gloves-v2/gallery/01-product-pair.webp" has "fill" but is missing "sizes" prop. Please add it to improve page performance. Read more: https://nextjs.org/docs/api-reference/next/image#sizes @ http://localhost:3000/_next/static/chunks/f6579_next_dist_584f8a2a._.js:2297
[    3540ms] [WARNING] Image with src "https://shop.laifappe.com/products/897027558956-green-nitrile-flocked-gloves-v2/gallery/01-product-pair.webp" was detected as the Largest Contentful Paint (LCP). Please add the `loading="eager"` property if this image is above the fold.
Read more: https://nextjs.org/docs/app/api-reference/components/image#loading @ http://localhost:3000/_next/static/chunks/f6579_next_dist_584f8a2a._.js:2297
[    3564ms] [WARNING] Image with src "https://shop.laifappe.com/products/897027558956-green-nitrile-flocked-gloves-v2/gallery/03-puncture-flexibility.webp" has "fill" but is missing "sizes" prop. Please add it to improve page performance. Read more: https://nextjs.org/docs/api-reference/next/image#sizes @ http://localhost:3000/_next/static/chunks/f6579_next_dist_584f8a2a._.js:2297
[    7557ms] [LOG] [Fast Refresh] rebuilding @ http://localhost:3000/_next/static/chunks/f6579_next_dist_584f8a2a._.js:2297
[    7705ms] [LOG] [Fast Refresh] done in 252ms @ http://localhost:3000/_next/static/chunks/f6579_next_dist_584f8a2a._.js:2297
[   15700ms] [LOG] [Fast Refresh] rebuilding @ http://localhost:3000/_next/static/chunks/f6579_next_dist_584f8a2a._.js:2297
[   15756ms] [LOG] [Fast Refresh] done in 159ms @ http://localhost:3000/_next/static/chunks/f6579_next_dist_584f8a2a._.js:2297
[  401948ms] [INFO] %cDownload the React DevTools for a better development experience: https://react.dev/link/react-devtools font-weight:bold @ http://localhost:3000/_next/static/chunks/f6579_next_dist_584f8a2a._.js:2297
[  402021ms] [LOG] [HMR] connected @ http://localhost:3000/_next/static/chunks/f6579_next_dist_584f8a2a._.js:2297
[  402299ms] [WARNING] Image with src "https://shop.laifappe.com/products/897027558956-green-nitrile-flocked-gloves-v2/gallery/01-product-pair.webp" has "fill" but is missing "sizes" prop. Please add it to improve page performance. Read more: https://nextjs.org/docs/api-reference/next/image#sizes @ http://localhost:3000/_next/static/chunks/f6579_next_dist_584f8a2a._.js:2297
[  402301ms] [WARNING] Image with src "https://shop.laifappe.com/products/897027558956-green-nitrile-flocked-gloves-v2/gallery/02-raised-diamond-grip.webp" has "fill" but is missing "sizes" prop. Please add it to improve page performance. Read more: https://nextjs.org/docs/api-reference/next/image#sizes @ http://localhost:3000/_next/static/chunks/f6579_next_dist_584f8a2a._.js:2297
[  402301ms] [WARNING] Image with src "https://shop.laifappe.com/products/897027558956-green-nitrile-flocked-gloves-v2/gallery/03-puncture-flexibility.webp" has "fill" but is missing "sizes" prop. Please add it to improve page performance. Read more: https://nextjs.org/docs/api-reference/next/image#sizes @ http://localhost:3000/_next/static/chunks/f6579_next_dist_584f8a2a._.js:2297
[  402301ms] [WARNING] Image with src "https://shop.laifappe.com/products/897027558956-green-nitrile-flocked-gloves-v2/gallery/04-size-7.webp" has "fill" but is missing "sizes" prop. Please add it to improve page performance. Read more: https://nextjs.org/docs/api-reference/next/image#sizes @ http://localhost:3000/_next/static/chunks/f6579_next_dist_584f8a2a._.js:2297
[  402302ms] [WARNING] Image with src "https://shop.laifappe.com/products/897027558956-green-nitrile-flocked-gloves-v2/gallery/05-size-8.webp" has "fill" but is missing "sizes" prop. Please add it to improve page performance. Read more: https://nextjs.org/docs/api-reference/next/image#sizes @ http://localhost:3000/_next/static/chunks/f6579_next_dist_584f8a2a._.js:2297
[  402302ms] [WARNING] Image with src "https://shop.laifappe.com/products/897027558956-green-nitrile-flocked-gloves-v2/gallery/06-size-10.webp" has "fill" but is missing "sizes" prop. Please add it to improve page performance. Read more: https://nextjs.org/docs/api-reference/next/image#sizes @ http://localhost:3000/_next/static/chunks/f6579_next_dist_584f8a2a._.js:2297
[  402321ms] [LOG] [Fast Refresh] rebuilding @ http://localhost:3000/_next/static/chunks/f6579_next_dist_584f8a2a._.js:2297
[  402322ms] [LOG] [Fast Refresh] done in 196ms @ http://localhost:3000/_next/static/chunks/f6579_next_dist_584f8a2a._.js:2297
[  404690ms] [LOG] [Fast Refresh] rebuilding @ http://localhost:3000/_next/static/chunks/f6579_next_dist_584f8a2a._.js:2297
[  404754ms] [LOG] [Fast Refresh] done in 170ms @ http://localhost:3000/_next/static/chunks/f6579_next_dist_584f8a2a._.js:2297
